Archive member included to satisfy reference by file (symbol)

C:/ST/STM32CubeCLT_1.16.0/GNU-tools-for-STM32/bin/../lib/gcc/arm-none-eabi/12.3.1/../../../../arm-none-eabi/lib/thumb/v7e-m+fp/hard\libc_nano.a(libc_a-exit.o)
                              C:/ST/STM32CubeCLT_1.16.0/GNU-tools-for-STM32/bin/../lib/gcc/arm-none-eabi/12.3.1/../../../../arm-none-eabi/lib/thumb/v7e-m+fp/hard/crt0.o (exit)
C:/ST/STM32CubeCLT_1.16.0/GNU-tools-for-STM32/bin/../lib/gcc/arm-none-eabi/12.3.1/../../../../arm-none-eabi/lib/thumb/v7e-m+fp/hard\libc_nano.a(libc_a-nano-vfprintf_float.o)
                              (_printf_float)
C:/ST/STM32CubeCLT_1.16.0/GNU-tools-for-STM32/bin/../lib/gcc/arm-none-eabi/12.3.1/../../../../arm-none-eabi/lib/thumb/v7e-m+fp/hard\libc_nano.a(libc_a-nano-vfprintf_i.o)
                              C:/ST/STM32CubeCLT_1.16.0/GNU-tools-for-STM32/bin/../lib/gcc/arm-none-eabi/12.3.1/../../../../arm-none-eabi/lib/thumb/v7e-m+fp/hard\libc_nano.a(libc_a-nano-vfprintf_float.o) (_printf_common)
C:/ST/STM32CubeCLT_1.16.0/GNU-tools-for-STM32/bin/../lib/gcc/arm-none-eabi/12.3.1/../../../../arm-none-eabi/lib/thumb/v7e-m+fp/hard\libc_nano.a(libc_a-findfp.o)
                              C:/ST/STM32CubeCLT_1.16.0/GNU-tools-for-STM32/bin/../lib/gcc/arm-none-eabi/12.3.1/../../../../arm-none-eabi/lib/thumb/v7e-m+fp/hard\libc_nano.a(libc_a-exit.o) (__stdio_exit_handler)
C:/ST/STM32CubeCLT_1.16.0/GNU-tools-for-STM32/bin/../lib/gcc/arm-none-eabi/12.3.1/../../../../arm-none-eabi/lib/thumb/v7e-m+fp/hard\libc_nano.a(libc_a-fwalk.o)
                              C:/ST/STM32CubeCLT_1.16.0/GNU-tools-for-STM32/bin/../lib/gcc/arm-none-eabi/12.3.1/../../../../arm-none-eabi/lib/thumb/v7e-m+fp/hard\libc_nano.a(libc_a-findfp.o) (_fwalk_sglue)
C:/ST/STM32CubeCLT_1.16.0/GNU-tools-for-STM32/bin/../lib/gcc/arm-none-eabi/12.3.1/../../../../arm-none-eabi/lib/thumb/v7e-m+fp/hard\libc_nano.a(libc_a-stdio.o)
                              C:/ST/STM32CubeCLT_1.16.0/GNU-tools-for-STM32/bin/../lib/gcc/arm-none-eabi/12.3.1/../../../../arm-none-eabi/lib/thumb/v7e-m+fp/hard\libc_nano.a(libc_a-findfp.o) (__sread)
C:/ST/STM32CubeCLT_1.16.0/GNU-tools-for-STM32/bin/../lib/gcc/arm-none-eabi/12.3.1/../../../../arm-none-eabi/lib/thumb/v7e-m+fp/hard\libc_nano.a(libc_a-memset.o)
                              C:/ST/STM32CubeCLT_1.16.0/GNU-tools-for-STM32/bin/../lib/gcc/arm-none-eabi/12.3.1/../../../../arm-none-eabi/lib/thumb/v7e-m+fp/hard/crt0.o (memset)
C:/ST/STM32CubeCLT_1.16.0/GNU-tools-for-STM32/bin/../lib/gcc/arm-none-eabi/12.3.1/../../../../arm-none-eabi/lib/thumb/v7e-m+fp/hard\libc_nano.a(libc_a-localeconv.o)
                              C:/ST/STM32CubeCLT_1.16.0/GNU-tools-for-STM32/bin/../lib/gcc/arm-none-eabi/12.3.1/../../../../arm-none-eabi/lib/thumb/v7e-m+fp/hard\libc_nano.a(libc_a-nano-vfprintf_float.o) (_localeconv_r)
C:/ST/STM32CubeCLT_1.16.0/GNU-tools-for-STM32/bin/../lib/gcc/arm-none-eabi/12.3.1/../../../../arm-none-eabi/lib/thumb/v7e-m+fp/hard\libc_nano.a(libc_a-closer.o)
                              C:/ST/STM32CubeCLT_1.16.0/GNU-tools-for-STM32/bin/../lib/gcc/arm-none-eabi/12.3.1/../../../../arm-none-eabi/lib/thumb/v7e-m+fp/hard\libc_nano.a(libc_a-stdio.o) (_close_r)
C:/ST/STM32CubeCLT_1.16.0/GNU-tools-for-STM32/bin/../lib/gcc/arm-none-eabi/12.3.1/../../../../arm-none-eabi/lib/thumb/v7e-m+fp/hard\libc_nano.a(libc_a-reent.o)
                              C:/ST/STM32CubeCLT_1.16.0/GNU-tools-for-STM32/bin/../lib/gcc/arm-none-eabi/12.3.1/../../../../arm-none-eabi/lib/thumb/v7e-m+fp/hard\libc_nano.a(libc_a-closer.o) (errno)
C:/ST/STM32CubeCLT_1.16.0/GNU-tools-for-STM32/bin/../lib/gcc/arm-none-eabi/12.3.1/../../../../arm-none-eabi/lib/thumb/v7e-m+fp/hard\libc_nano.a(libc_a-impure.o)
                              C:/ST/STM32CubeCLT_1.16.0/GNU-tools-for-STM32/bin/../lib/gcc/arm-none-eabi/12.3.1/../../../../arm-none-eabi/lib/thumb/v7e-m+fp/hard\libc_nano.a(libc_a-reent.o) (_impure_ptr)
C:/ST/STM32CubeCLT_1.16.0/GNU-tools-for-STM32/bin/../lib/gcc/arm-none-eabi/12.3.1/../../../../arm-none-eabi/lib/thumb/v7e-m+fp/hard\libc_nano.a(libc_a-lseekr.o)
                              C:/ST/STM32CubeCLT_1.16.0/GNU-tools-for-STM32/bin/../lib/gcc/arm-none-eabi/12.3.1/../../../../arm-none-eabi/lib/thumb/v7e-m+fp/hard\libc_nano.a(libc_a-stdio.o) (_lseek_r)
C:/ST/STM32CubeCLT_1.16.0/GNU-tools-for-STM32/bin/../lib/gcc/arm-none-eabi/12.3.1/../../../../arm-none-eabi/lib/thumb/v7e-m+fp/hard\libc_nano.a(libc_a-readr.o)
                              C:/ST/STM32CubeCLT_1.16.0/GNU-tools-for-STM32/bin/../lib/gcc/arm-none-eabi/12.3.1/../../../../arm-none-eabi/lib/thumb/v7e-m+fp/hard\libc_nano.a(libc_a-stdio.o) (_read_r)
C:/ST/STM32CubeCLT_1.16.0/GNU-tools-for-STM32/bin/../lib/gcc/arm-none-eabi/12.3.1/../../../../arm-none-eabi/lib/thumb/v7e-m+fp/hard\libc_nano.a(libc_a-writer.o)
[...]
Memory Configuration

Name             Origin             Length             Attributes
RAM              0x20000000         0x00050000         xrw
FLASH            0x08000000         0x00100000         xr
*default*        0x00000000         0xffffffff

Linker script and memory map

LOAD C:/ST/STM32CubeCLT_1.16.0/GNU-tools-for-STM32/bin/../lib/gcc/arm-none-eabi/12.3.1/thumb/v7e-m+fp/hard/crti.o
LOAD C:/ST/STM32CubeCLT_1.16.0/GNU-tools-for-STM32/bin/../lib/gcc/arm-none-eabi/12.3.1/thumb/v7e-m+fp/hard/crtbegin.o
LOAD C:/ST/STM32CubeCLT_1.16.0/GNU-tools-for-STM32/bin/../lib/gcc/arm-none-eabi/12.3.1/../../../../arm-none-eabi/lib/thumb/v7e-m+fp/hard/crt0.o
START GROUP
LOAD C:/ST/STM32CubeCLT_1.16.0/GNU-tools-for-STM32/bin/../lib/gcc/arm-none-eabi/12.3.1/../../../../arm-none-eabi/lib/thumb/v7e-m+fp/hard\libc_nano.a
LOAD C:/ST/STM32CubeCLT_1.16.0/GNU-tools-for-STM32/bin/../lib/gcc/arm-none-eabi/12.3.1/../../../../arm-none-eabi/lib/thumb/v7e-m+fp/hard\libm.a
END GROUP
LOAD CMakeFiles/F746G_DISCO.dir/Drivers/BSP/STM32746G-Discovery/stm32746g_discovery_lcd.c.obj
LOAD CMakeFiles/F746G_DISCO.dir/Drivers/BSP/STM32746G-Discovery/stm32746g_discovery_sdram.c.obj
LOAD CMakeFiles/F746G_DISCO.dir/Core/Src/main.c.obj
LOAD CMakeFiles/F746G_DISCO.dir/Core/Src/gpio.c.obj
LOAD CMakeFiles/F746G_DISCO.dir/Core/Src/dma2d.c.obj
LOAD CMakeFiles/F746G_DISCO.dir/Core/Src/fmc.c.obj
LOAD CMakeFiles/F746G_DISCO.dir/Core/Src/ltdc.c.obj
LOAD CMakeFiles/F746G_DISCO.dir/Core/Src/usart.c.obj
LOAD CMakeFiles/F746G_DISCO.dir/Core/Src/stm32f7xx_it.c.obj
LOAD CMakeFiles/F746G_DISCO.dir/Core/Src/stm32f7xx_hal_msp.c.obj
LOAD CMakeFiles/F746G_DISCO.dir/Drivers/STM32F7xx_HAL_Driver/Src/stm32f7xx_hal_cortex.c.obj
LOAD CMakeFiles/F746G_DISCO.dir/Drivers/STM32F7xx_HAL_Driver/Src/stm32f7xx_hal_dma2d.c.obj
LOAD CMakeFiles/F746G_DISCO.dir/Drivers/STM32F7xx_HAL_Driver/Src/stm32f7xx_hal_rcc.c.obj
LOAD CMakeFiles/F746G_DISCO.dir/Drivers/STM32F7xx_HAL_Driver/Src/stm32f7xx_hal_rcc_ex.c.obj
LOAD CMakeFiles/F746G_DISCO.dir/Drivers/STM32F7xx_HAL_Driver/Src/stm32f7xx_hal_flash.c.obj
LOAD CMakeFiles/F746G_DISCO.dir/Drivers/STM32F7xx_HAL_Driver/Src/stm32f7xx_hal_flash_ex.c.obj
LOAD CMakeFiles/F746G_DISCO.dir/Drivers/STM32F7xx_HAL_Driver/Src/stm32f7xx_hal_gpio.c.obj
LOAD CMakeFiles/F746G_DISCO.dir/Drivers/STM32F7xx_HAL_Driver/Src/stm32f7xx_hal_dma.c.obj
LOAD CMakeFiles/F746G_DISCO.dir/Drivers/STM32F7xx_HAL_Driver/Src/stm32f7xx_hal_dma_ex.c.obj
LOAD CMakeFiles/F746G_DISCO.dir/Drivers/STM32F7xx_HAL_Driver/Src/stm32f7xx_hal_pwr.c.obj
LOAD CMakeFiles/F746G_DISCO.dir/Drivers/STM32F7xx_HAL_Driver/Src/stm32f7xx_hal_pwr_ex.c.obj
LOAD CMakeFiles/F746G_DISCO.dir/Drivers/STM32F7xx_HAL_Driver/Src/stm32f7xx_hal.c.obj
LOAD CMakeFiles/F746G_DISCO.dir/Drivers/STM32F7xx_HAL_Driver/Src/stm32f7xx_hal_i2c.c.obj
LOAD CMakeFiles/F746G_DISCO.dir/Drivers/STM32F7xx_HAL_Driver/Src/stm32f7xx_hal_i2c_ex.c.obj
LOAD CMakeFiles/F746G_DISCO.dir/Drivers/STM32F7xx_HAL_Driver/Src/stm32f7xx_hal_exti.c.obj
LOAD CMakeFiles/F746G_DISCO.dir/Drivers/STM32F7xx_HAL_Driver/Src/stm32f7xx_ll_fmc.c.obj
LOAD CMakeFiles/F746G_DISCO.dir/Drivers/STM32F7xx_HAL_Driver/Src/stm32f7xx_hal_sdram.c.obj
LOAD CMakeFiles/F746G_DISCO.dir/Drivers/STM32F7xx_HAL_Driver/Src/stm32f7xx_hal_ltdc.c.obj
LOAD CMakeFiles/F746G_DISCO.dir/Drivers/STM32F7xx_HAL_Driver/Src/stm32f7xx_hal_ltdc_ex.c.obj
LOAD CMakeFiles/F746G_DISCO.dir/Drivers/STM32F7xx_HAL_Driver/Src/stm32f7xx_hal_dsi.c.obj
LOAD CMakeFiles/F746G_DISCO.dir/Drivers/STM32F7xx_HAL_Driver/Src/stm32f7xx_hal_tim.c.obj
LOAD CMakeFiles/F746G_DISCO.dir/Drivers/STM32F7xx_HAL_Driver/Src/stm32f7xx_hal_tim_ex.c.obj
LOAD CMakeFiles/F746G_DISCO.dir/Drivers/STM32F7xx_HAL_Driver/Src/stm32f7xx_hal_uart.c.obj
LOAD CMakeFiles/F746G_DISCO.dir/Drivers/STM32F7xx_HAL_Driver/Src/stm32f7xx_hal_uart_ex.c.obj
LOAD CMakeFiles/F746G_DISCO.dir/Core/Src/system_stm32f7xx.c.obj
LOAD CMakeFiles/F746G_DISCO.dir/Core/Src/sysmem.c.obj
LOAD CMakeFiles/F746G_DISCO.dir/Core/Src/syscalls.c.obj
LOAD CMakeFiles/F746G_DISCO.dir/startup_stm32f746xx.s.obj
START GROUP
LOAD C:/ST/STM32CubeCLT_1.16.0/GNU-tools-for-STM32/bin/../lib/gcc/arm-none-eabi/12.3.1/thumb/v7e-m+fp/hard\libgcc.a
LOAD C:/ST/STM32CubeCLT_1.16.0/GNU-tools-for-STM32/bin/../lib/gcc/arm-none-eabi/12.3.1/../../../../arm-none-eabi/lib/thumb/v7e-m+fp/hard\libg_nano.a
LOAD C:/ST/STM32CubeCLT_1.16.0/GNU-tools-for-STM32/bin/../lib/gcc/arm-none-eabi/12.3.1/../../../../arm-none-eabi/lib/thumb/v7e-m+fp/hard\libc_nano.a
END GROUP
START GROUP
LOAD C:/ST/STM32CubeCLT_1.16.0/GNU-tools-for-STM32/bin/../lib/gcc/arm-none-eabi/12.3.1/thumb/v7e-m+fp/hard\libgcc.a
LOAD C:/ST/STM32CubeCLT_1.16.0/GNU-tools-for-STM32/bin/../lib/gcc/arm-none-eabi/12.3.1/../../../../arm-none-eabi/lib/thumb/v7e-m+fp/hard\libc_nano.a
END GROUP
LOAD C:/ST/STM32CubeCLT_1.16.0/GNU-tools-for-STM32/bin/../lib/gcc/arm-none-eabi/12.3.1/thumb/v7e-m+fp/hard/crtend.o
LOAD C:/ST/STM32CubeCLT_1.16.0/GNU-tools-for-STM32/bin/../lib/gcc/arm-none-eabi/12.3.1/thumb/v7e-m+fp/hard/crtn.o
                0x20050000                        _estack = (ORIGIN (RAM) + LENGTH (RAM))
                0x00000200                        _Min_Heap_Size = 0x200
                0x00000400                        _Min_Stack_Size = 0x400

.isr_vector     0x08000000      0x1c8
                0x08000000                        . = ALIGN (0x4)
 *(.isr_vector)
 .isr_vector    0x08000000      0x1c8 CMakeFiles/F746G_DISCO.dir/startup_stm32f746xx.s.obj
                0x08000000                g_pfnVectors
                0x080001c8                        . = ALIGN (0x4)

.text           0x080001d0     0x85b8
                0x080001d0                        . = ALIGN (0x4)
 *(.text)
 .text          0x080001d0       0x40 C:/ST/STM32CubeCLT_1.16.0/GNU-tools-for-STM32/bin/../lib/gcc/arm-none-eabi/12.3.1/thumb/v7e-m+fp/hard/crtbegin.o
 .text          0x08000210       0xa0 C:/ST/STM32CubeCLT_1.16.0/GNU-tools-for-STM32/bin/../lib/gcc/arm-none-eabi/12.3.1/../../../../arm-none-eabi/lib/thumb/v7e-m+fp/hard\libc_nano.a(libc_a-memchr.o)
                0x08000210                memchr
 .text          0x080002b0       0x10 C:/ST/STM32CubeCLT_1.16.0/GNU-tools-for-STM32/bin/../lib/gcc/arm-none-eabi/12.3.1/../../../../arm-none-eabi/lib/thumb/v7e-m+fp/hard\libc_nano.a(libc_a-strlen.o)
                0x080002b0                strlen
 .text          0x080002c0      0x378 C:/ST/STM32CubeCLT_1.16.0/GNU-tools-for-STM32/bin/../lib/gcc/arm-none-eabi/12.3.1/thumb/v7e-m+fp/hard\libgcc.a(_arm_addsubdf3.o)
                0x080002c0                __aeabi_drsub
                0x080002c8                __aeabi_dsub
                0x080002c8                __subdf3
                0x080002cc                __aeabi_dadd
                0x080002cc                __adddf3
                0x08000544                __floatunsidf
                0x08000544                __aeabi_ui2d
                0x08000564                __floatsidf
                0x08000564                __aeabi_i2d
                0x08000588                __aeabi_f2d
                0x08000588                __extendsfdf2
                0x080005cc                __floatundidf
                0x080005cc                __aeabi_ul2d
                0x080005dc                __floatdidf
                0x080005dc                __aeabi_l2d
 .text          0x08000638      0x424 C:/ST/STM32CubeCLT_1.16.0/GNU-tools-for-STM32/bin/../lib/gcc/arm-none-eabi/12.3.1/thumb/v7e-m+fp/hard\libgcc.a(_arm_muldivdf3.o)
                0x08000638                __aeabi_dmul
                0x08000638                __muldf3
                0x0800088c                __divdf3
                0x0800088c                __aeabi_ddiv
 .text          0x08000a5c      0x110 C:/ST/STM32CubeCLT_1.16.0/GNU-tools-for-STM32/bin/../lib/gcc/arm-none-eabi/12.3.1/thumb/v7e-m+fp/hard\libgcc.a(_arm_cmpdf2.o)
                0x08000a5c                __gtdf2
                0x08000a5c                __gedf2
                0x08000a64                __ltdf2
                0x08000a64                __ledf2
                0x08000a6c                __nedf2
                0x08000a6c                __eqdf2
                0x08000a6c                __cmpdf2
                0x08000ae8                __aeabi_cdrcmple
                0x08000af8                __aeabi_cdcmpeq
                0x08000af8                __aeabi_cdcmple
                0x08000b08                __aeabi_dcmpeq
                0x08000b1c                __aeabi_dcmplt
                0x08000b30                __aeabi_dcmple
                0x08000b44                __aeabi_dcmpge
                0x08000b58                __aeabi_dcmpgt
 .text          0x08000b6c       0x2c C:/ST/STM32CubeCLT_1.16.0/GNU-tools-for-STM32/bin/../lib/gcc/arm-none-eabi/12.3.1/thumb/v7e-m+fp/hard\libgcc.a(_arm_unorddf2.o)
                0x08000b6c                __unorddf2
                0x08000b6c                __aeabi_dcmpun
 .text          0x08000b98       0x50 C:/ST/STM32CubeCLT_1.16.0/GNU-tools-for-STM32/bin/../lib/gcc/arm-none-eabi/12.3.1/thumb/v7e-m+fp/hard\libgcc.a(_arm_fixdfsi.o)
                0x08000b98                __aeabi_d2iz
                0x08000b98                __fixdfsi
 .text          0x08000be8       0x30 C:/ST/STM32CubeCLT_1.16.0/GNU-tools-for-STM32/bin/../lib/gcc/arm-none-eabi/12.3.1/thumb/v7e-m+fp/hard\libgcc.a(_aeabi_uldivmod.o)
                0x08000be8                __aeabi_uldivmod
 .text          0x08000c18      0x2bc C:/ST/STM32CubeCLT_1.16.0/GNU-tools-for-STM32/bin/../lib/gcc/arm-none-eabi/12.3.1/thumb/v7e-m+fp/hard\libgcc.a(_udivmoddi4.o)
                0x08000c18                __udivmoddi4
 .text          0x08000ed4        0x4 C:/ST/STM32CubeCLT_1.16.0/GNU-tools-for-STM32/bin/../lib/gcc/arm-none-eabi/12.3.1/thumb/v7e-m+fp/hard\libgcc.a(_dvmd_tls.o)
                0x08000ed4                __aeabi_idiv0
                0x08000ed4                __aeabi_ldiv0
 *(.text*)
 .text.__cvt    0x08000ed8       0xca C:/ST/STM32CubeCLT_1.16.0/GNU-tools-for-STM32/bin/../lib/gcc/arm-none-eabi/12.3.1/../../../../arm-none-eabi/lib/thumb/v7e-m+fp/hard\libc_nano.a(libc_a-nano-vfprintf_float.o)
                0x08000ed8                __cvt
 .text.__exponent
                0x08000fa2       0x74 C:/ST/STM32CubeCLT_1.16.0/GNU-tools-for-STM32/bin/../lib/gcc/arm-none-eabi/12.3.1/../../../../arm-none-eabi/lib/thumb/v7e-m+fp/hard\libc_nano.a(libc_a-nano-vfprintf_float.o)
                0x08000fa2                __exponent
 *fill*         0x08001016        0x2 
 .text._printf_float
                0x08001018      0x454 C:/ST/STM32CubeCLT_1.16.0/GNU-tools-for-STM32/bin/../lib/gcc/arm-none-eabi/12.3.1/../../../../arm-none-eabi/lib/thumb/v7e-m+fp/hard\libc_nano.a(libc_a-nano-vfprintf_float.o)
                0x08001018                _printf_float
 .text._printf_common
                0x0800146c       0xda C:/ST/STM32CubeCLT_1.16.0/GNU-tools-for-STM32/bin/../lib/gcc/arm-none-eabi/12.3.1/../../../../arm-none-eabi/lib/thumb/v7e-m+fp/hard\libc_nano.a(libc_a-nano-vfprintf_i.o)
                0x0800146c                _printf_common
 *fill*         0x08001546        0x2 
 .text._printf_i
                0x08001548      0x240 C:/ST/STM32CubeCLT_1.16.0/GNU-tools-for-STM32/bin/../lib/gcc/arm-none-eabi/12.3.1/../../../../arm-none-eabi/lib/thumb/v7e-m+fp/hard\libc_nano.a(libc_a-nano-vfprintf_i.o)
                0x08001548                _printf_i
 .text.std      0x08001788       0x6c C:/ST/STM32CubeCLT_1.16.0/GNU-tools-for-STM32/bin/../lib/gcc/arm-none-eabi/12.3.1/../../../../arm-none-eabi/lib/thumb/v7e-m+fp/hard\libc_nano.a(libc_a-findfp.o)
 .text.stdio_exit_handler
                0x080017f4       0x18 C:/ST/STM32CubeCLT_1.16.0/GNU-tools-for-STM32/bin/../lib/gcc/arm-none-eabi/12.3.1/../../../../arm-none-eabi/lib/thumb/v7e-m+fp/hard\libc_nano.a(libc_a-findfp.o)
 .text.cleanup_stdio
                0x0800180c       0x40 C:/ST/STM32CubeCLT_1.16.0/GNU-tools-for-STM32/bin/../lib/gcc/arm-none-eabi/12.3.1/../../../../arm-none-eabi/lib/thumb/v7e-m+fp/hard\libc_nano.a(libc_a-findfp.o)
 .text.global_stdio_init.part.0
                0x0800184c       0x3c C:/ST/STM32CubeCLT_1.16.0/GNU-tools-for-STM32/bin/../lib/gcc/arm-none-eabi/12.3.1/../../../../arm-none-eabi/lib/thumb/v7e-m+fp/hard\libc_nano.a(libc_a-findfp.o)
 .text.__sfp_lock_acquire
                0x08001888        0xc C:/ST/STM32CubeCLT_1.16.0/GNU-tools-for-STM32/bin/../lib/gcc/arm-none-eabi/12.3.1/../../../../arm-none-eabi/lib/thumb/v7e-m+fp/hard\libc_nano.a(libc_a-findfp.o)
                0x08001888                __sfp_lock_acquire
 .text.__sfp_lock_release
                0x08001894        0xc C:/ST/STM32CubeCLT_1.16.0/GNU-tools-for-STM32/bin/../lib/gcc/arm-none-eabi/12.3.1/../../../../arm-none-eabi/lib/thumb/v7e-m+fp/hard\libc_nano.a(libc_a-findfp.o)
                0x08001894                __sfp_lock_release
 .text.__sinit  0x080018a0       0x30 C:/ST/STM32CubeCLT_1.16.0/GNU-tools-for-STM32/bin/../lib/gcc/arm-none-eabi/12.3.1/../../../../arm-none-eabi/lib/thumb/v7e-m+fp/hard\libc_nano.a(libc_a-findfp.o)
                0x080018a0                __sinit
 .text._fwalk_sglue
                0x080018d0       0x3c C:/ST/STM32CubeCLT_1.16.0/GNU-tools-for-STM32/bin/../lib/gcc/arm-none-eabi/12.3.1/../../../../arm-none-eabi/lib/thumb/v7e-m+fp/hard\libc_nano.a(libc_a-fwalk.o)
                0x080018d0                _fwalk_sglue
 .text.__sread  0x0800190c       0x22 C:/ST/STM32CubeCLT_1.16.0/GNU-tools-for-STM32/bin/../lib/gcc/arm-none-eabi/12.3.1/../../../../arm-none-eabi/lib/thumb/v7e-m+fp/hard\libc_nano.a(libc_a-stdio.o)
                0x0800190c                __sread
 .text.__swrite
                0x0800192e       0x38 C:/ST/STM32CubeCLT_1.16.0/GNU-tools-for-STM32/bin/../lib/gcc/arm-none-eabi/12.3.1/../../../../arm-none-eabi/lib/thumb/v7e-m+fp/hard\libc_nano.a(libc_a-stdio.o)
                0x0800192e                __swrite
 .text.__sseek  0x08001966       0x24 C:/ST/STM32CubeCLT_1.16.0/GNU-tools-for-STM32/bin/../lib/gcc/arm-none-eabi/12.3.1/../../../../arm-none-eabi/lib/thumb/v7e-m+fp/hard\libc_nano.a(libc_a-stdio.o)
                0x08001966                __sseek
 .text.__sclose
                0x0800198a        0x8 C:/ST/STM32CubeCLT_1.16.0/GNU-tools-for-STM32/bin/../lib/gcc/arm-none-eabi/12.3.1/../../../../arm-none-eabi/lib/thumb/v7e-m+fp/hard\libc_nano.a(libc_a-stdio.o)
                0x0800198a                __sclose
 .text.memset   0x08001992       0x10 C:/ST/STM32CubeCLT_1.16.0/GNU-tools-for-STM32/bin/../lib/gcc/arm-none-eabi/12.3.1/../../../../arm-none-eabi/lib/thumb/v7e-m+fp/hard\libc_nano.a(libc_a-memset.o)
                0x08001992                memset
 *fill*         0x080019a2        0x2 
 .text._localeconv_r
                0x080019a4        0x8 C:/ST/STM32CubeCLT_1.16.0/GNU-tools-for-STM32/bin/../lib/gcc/arm-none-eabi/12.3.1/../../../../arm-none-eabi/lib/thumb/v7e-m+fp/hard\libc_nano.a(libc_a-localeconv.o)
                0x080019a4                _localeconv_r
 .text._close_r
                0x080019ac       0x20 C:/ST/STM32CubeCLT_1.16.0/GNU-tools-for-STM32/bin/../lib/gcc/arm-none-eabi/12.3.1/../../../../arm-none-eabi/lib/thumb/v7e-m+fp/hard\libc_nano.a(libc_a-closer.o)
                0x080019ac                _close_r
 .text._lseek_r
                0x080019cc       0x24 C:/ST/STM32CubeCLT_1.16.0/GNU-tools-for-STM32/bin/../lib/gcc/arm-none-eabi/12.3.1/../../../../arm-none-eabi/lib/thumb/v7e-m+fp/hard\libc_nano.a(libc_a-lseekr.o)
                0x080019cc                _lseek_r
 .text._read_r  0x080019f0       0x24 C:/ST/STM32CubeCLT_1.16.0/GNU-tools-for-STM32/bin/../lib/gcc/arm-none-eabi/12.3.1/../../../../arm-none-eabi/lib/thumb/v7e-m+fp/hard\libc_nano.a(libc_a-readr.o)
                0x080019f0                _read_r
 .text._write_r
                0x08001a14       0x24 C:/ST/STM32CubeCLT_1.16.0/GNU-tools-for-STM32/bin/../lib/gcc/arm-none-eabi/12.3.1/../../../../arm-none-eabi/lib/thumb/v7e-m+fp/hard\libc_nano.a(libc_a-writer.o)
                0x08001a14                _write_r
 .text.__libc_init_array
                0x08001a38       0x48 C:/ST/STM32CubeCLT_1.16.0/GNU-tools-for-STM32/bin/../lib/gcc/arm-none-eabi/12.3.1/../../../../arm-none-eabi/lib/thumb/v7e-m+fp/hard\libc_nano.a(libc_a-init.o)
                0x08001a38                __libc_init_array
 .text.__retarget_lock_init_recursive
                0x08001a80        0x2 C:/ST/STM32CubeCLT_1.16.0/GNU-tools-for-STM32/bin/../lib/gcc/arm-none-eabi/12.3.1/../../../../arm-none-eabi/lib/thumb/v7e-m+fp/hard\libc_nano.a(libc_a-lock.o)
                0x08001a80                __retarget_lock_init_recursive
 .text.__retarget_lock_acquire_recursive
                0x08001a82        0x2 C:/ST/STM32CubeCLT_1.16.0/GNU-tools-for-STM32/bin/../lib/gcc/arm-none-eabi/12.3.1/../../../../arm-none-eabi/lib/thumb/v7e-m+fp/hard\libc_nano.a(libc_a-lock.o)
                0x08001a82                __retarget_lock_acquire_recursive
 .text.__retarget_lock_release_recursive
                0x08001a84        0x2 C:/ST/STM32CubeCLT_1.16.0/GNU-tools-for-STM32/bin/../lib/gcc/arm-none-eabi/12.3.1/../../../../arm-none-eabi/lib/thumb/v7e-m+fp/hard\libc_nano.a(libc_a-lock.o)
                0x08001a84                __retarget_lock_release_recursive
 .text.quorem   0x08001a86      0x110 C:/ST/STM32CubeCLT_1.16.0/GNU-tools-for-STM32/bin/../lib/gcc/arm-none-eabi/12.3.1/../../../../arm-none-eabi/lib/thumb/v7e-m+fp/hard\libc_nano.a(libc_a-dtoa.o)
 *fill*         0x08001b96        0x2 
 .text._dtoa_r  0x08001b98      0xb88 C:/ST/STM32CubeCLT_1.16.0/GNU-tools-for-STM32/bin/../lib/gcc/arm-none-eabi/12.3.1/../../../../arm-none-eabi/lib/thumb/v7e-m+fp/hard\libc_nano.a(libc_a-dtoa.o)
                0x08001b98                _dtoa_r
 .text._free_r  0x08002720       0x94 C:/ST/STM32CubeCLT_1.16.0/GNU-tools-for-STM32/bin/../lib/gcc/arm-none-eabi/12.3.1/../../../../arm-none-eabi/lib/thumb/v7e-m+fp/hard\libc_nano.a(libc_a-freer.o)
                0x08002720                _free_r
 .text.malloc   0x080027b4       0x10 C:/ST/STM32CubeCLT_1.16.0/GNU-tools-for-STM32/bin/../lib/gcc/arm-none-eabi/12.3.1/../../../../arm-none-eabi/lib/thumb/v7e-m+fp/hard\libc_nano.a(libc_a-malloc.o)
                0x080027b4                malloc
 .text.sbrk_aligned
                0x080027c4       0x44 C:/ST/STM32CubeCLT_1.16.0/GNU-tools-for-STM32/bin/../lib/gcc/arm-none-eabi/12.3.1/../../../../arm-none-eabi/lib/thumb/v7e-m+fp/hard\libc_nano.a(libc_a-mallocr.o)
 .text._malloc_r
                0x08002808      0x100 C:/ST/STM32CubeCLT_1.16.0/GNU-tools-for-STM32/bin/../lib/gcc/arm-none-eabi/12.3.1/../../../../arm-none-eabi/lib/thumb/v7e-m+fp/hard\libc_nano.a(libc_a-mallocr.o)
                0x08002808                _malloc_r
 .text.__malloc_lock
                0x08002908        0xc C:/ST/STM32CubeCLT_1.16.0/GNU-tools-for-STM32/bin/../lib/gcc/arm-none-eabi/12.3.1/../../../../arm-none-eabi/lib/thumb/v7e-m+fp/hard\libc_nano.a(libc_a-mlock.o)
                0x08002908                __malloc_lock
 .text.__malloc_unlock
                0x08002914        0xc C:/ST/STM32CubeCLT_1.16.0/GNU-tools-for-STM32/bin/../lib/gcc/arm-none-eabi/12.3.1/../../../../arm-none-eabi/lib/thumb/v7e-m+fp/hard\libc_nano.a(libc_a-mlock.o)
                0x08002914                __malloc_unlock
 .text._Balloc  0x08002920       0x80 C:/ST/STM32CubeCLT_1.16.0/GNU-tools-for-STM32/bin/../lib/gcc/arm-none-eabi/12.3.1/../../../../arm-none-eabi/lib/thumb/v7e-m+fp/hard\libc_nano.a(libc_a-mprec.o)
                0x08002920                _Balloc
 .text._Bfree   0x080029a0       0x44 C:/ST/STM32CubeCLT_1.16.0/GNU-tools-for-STM32/bin/../lib/gcc/arm-none-eabi/12.3.1/../../../../arm-none-eabi/lib/thumb/v7e-m+fp/hard\libc_nano.a(libc_a-mprec.o)
                0x080029a0                _Bfree
 .text.__multadd
                0x080029e4       0x8c C:/ST/STM32CubeCLT_1.16.0/GNU-tools-for-STM32/bin/../lib/gcc/arm-none-eabi/12.3.1/../../../../arm-none-eabi/lib/thumb/v7e-m+fp/hard\libc_nano.a(libc_a-mprec.o)
                0x080029e4                __multadd
 .text.__hi0bits
                0x08002a70       0x3e C:/ST/STM32CubeCLT_1.16.0/GNU-tools-for-STM32/bin/../lib/gcc/arm-none-eabi/12.3.1/../../../../arm-none-eabi/lib/thumb/v7e-m+fp/hard\libc_nano.a(libc_a-mprec.o)
                0x08002a70                __hi0bits
 .text.__lo0bits
                0x08002aae       0x5a C:/ST/STM32CubeCLT_1.16.0/GNU-tools-for-STM32/bin/../lib/gcc/arm-none-eabi/12.3.1/../../../../arm-none-eabi/lib/thumb/v7e-m+fp/hard\libc_nano.a(libc_a-mprec.o)
                0x08002aae                __lo0bits
 .text.__i2b    0x08002b08       0x2c C:/ST/STM32CubeCLT_1.16.0/GNU-tools-for-STM32/bin/../lib/gcc/arm-none-eabi/12.3.1/../../../../arm-none-eabi/lib/thumb/v7e-m+fp/hard\libc_nano.a(libc_a-mprec.o)
                0x08002b08                __i2b
 .text.__multiply
                0x08002b34      0x154 C:/ST/STM32CubeCLT_1.16.0/GNU-tools-for-STM32/bin/../lib/gcc/arm-none-eabi/12.3.1/../../../../arm-none-eabi/lib/thumb/v7e-m+fp/hard\libc_nano.a(libc_a-mprec.o)
                0x08002b34                __multiply
 .text.__pow5mult
                0x08002c88       0xb4 C:/ST/STM32CubeCLT_1.16.0/GNU-tools-for-STM32/bin/../lib/gcc/arm-none-eabi/12.3.1/../../../../arm-none-eabi/lib/thumb/v7e-m+fp/hard\libc_nano.a(libc_a-mprec.o)
                0x08002c88                __pow5mult
 .text.__lshift
                0x08002d3c       0xd8 C:/ST/STM32CubeCLT_1.16.0/GNU-tools-for-STM32/bin/../lib/gcc/arm-none-eabi/12.3.1/../../../../arm-none-eabi/lib/thumb/v7e-m+fp/hard\libc_nano.a(libc_a-mprec.o)
                0x08002d3c                __lshift
 .text.__mcmp   0x08002e14       0x36 C:/ST/STM32CubeCLT_1.16.0/GNU-tools-for-STM32/bin/../lib/gcc/arm-none-eabi/12.3.1/../../../../arm-none-eabi/lib/thumb/v7e-m+fp/hard\libc_nano.a(libc_a-mprec.o)
                0x08002e14                __mcmp
 *fill*         0x08002e4a        0x2 
 .text.__mdiff  0x08002e4c      0x128 C:/ST/STM32CubeCLT_1.16.0/GNU-tools-for-STM32/bin/../lib/gcc/arm-none-eabi/12.3.1/../../../../arm-none-eabi/lib/thumb/v7e-m+fp/hard\libc_nano.a(libc_a-mprec.o)
                0x08002e4c                __mdiff
 .text.__d2b    0x08002f74       0xb0 C:/ST/STM32CubeCLT_1.16.0/GNU-tools-for-STM32/bin/../lib/gcc/arm-none-eabi/12.3.1/../../../../arm-none-eabi/lib/thumb/v7e-m+fp/hard\libc_nano.a(libc_a-mprec.o)
                0x08002f74                __d2b
 .text.__sflush_r
                0x08003024      0x108 C:/ST/STM32CubeCLT_1.16.0/GNU-tools-for-STM32/bin/../lib/gcc/arm-none-eabi/12.3.1/../../../../arm-none-eabi/lib/thumb/v7e-m+fp/hard\libc_nano.a(libc_a-fflush.o)
                0x08003024                __sflush_r
 .text._fflush_r
                0x0800312c       0x50 C:/ST/STM32CubeCLT_1.16.0/GNU-tools-for-STM32/bin/../lib/gcc/arm-none-eabi/12.3.1/../../../../arm-none-eabi/lib/thumb/v7e-m+fp/hard\libc_nano.a(libc_a-fflush.o)
                0x0800312c                _fflush_r
 .text._sbrk_r  0x0800317c       0x20 C:/ST/STM32CubeCLT_1.16.0/GNU-tools-for-STM32/bin/../lib/gcc/arm-none-eabi/12.3.1/../../../../arm-none-eabi/lib/thumb/v7e-m+fp/hard\libc_nano.a(libc_a-sbrkr.o)
                0x0800317c                _sbrk_r
 .text.memcpy   0x0800319c       0x1c C:/ST/STM32CubeCLT_1.16.0/GNU-tools-for-STM32/bin/../lib/gcc/arm-none-eabi/12.3.1/../../../../arm-none-eabi/lib/thumb/v7e-m+fp/hard\libc_nano.a(libc_a-memcpy-stub.o)
                0x0800319c                memcpy
 .text.__assert_func
                0x080031b8       0x3c C:/ST/STM32CubeCLT_1.16.0/GNU-tools-for-STM32/bin/../lib/gcc/arm-none-eabi/12.3.1/../../../../arm-none-eabi/lib/thumb/v7e-m+fp/hard\libc_nano.a(libc_a-assert.o)
                0x080031b8                __assert_func
 .text._calloc_r
                0x080031f4       0x28 C:/ST/STM32CubeCLT_1.16.0/GNU-tools-for-STM32/bin/../lib/gcc/arm-none-eabi/12.3.1/../../../../arm-none-eabi/lib/thumb/v7e-m+fp/hard\libc_nano.a(libc_a-callocr.o)
                0x080031f4                _calloc_r
 .text.__ascii_mbtowc
                0x0800321c       0x24 C:/ST/STM32CubeCLT_1.16.0/GNU-tools-for-STM32/bin/../lib/gcc/arm-none-eabi/12.3.1/../../../../arm-none-eabi/lib/thumb/v7e-m+fp/hard\libc_nano.a(libc_a-mbtowc_r.o)
                0x0800321c                __ascii_mbtowc
 .text.__ascii_wctomb
                0x08003240       0x1a C:/ST/STM32CubeCLT_1.16.0/GNU-tools-for-STM32/bin/../lib/gcc/arm-none-eabi/12.3.1/../../../../arm-none-eabi/lib/thumb/v7e-m+fp/hard\libc_nano.a(libc_a-wctomb_r.o)
                0x08003240                __ascii_wctomb
 *fill*         0x0800325a        0x2 
 .text.fprintf  0x0800325c       0x24 C:/ST/STM32CubeCLT_1.16.0/GNU-tools-for-STM32/bin/../lib/gcc/arm-none-eabi/12.3.1/../../../../arm-none-eabi/lib/thumb/v7e-m+fp/hard\libc_nano.a(libc_a-fprintf.o)
                0x0800325c                fiprintf
                0x0800325c                fprintf
 .text.abort    0x08003280        0xe C:/ST/STM32CubeCLT_1.16.0/GNU-tools-for-STM32/bin/../lib/gcc/arm-none-eabi/12.3.1/../../../../arm-none-eabi/lib/thumb/v7e-m+fp/hard\libc_nano.a(libc_a-abort.o)
                0x08003280                abort
 .text.__sfputc_r
                0x0800328e       0x2e C:/ST/STM32CubeCLT_1.16.0/GNU-tools-for-STM32/bin/../lib/gcc/arm-none-eabi/12.3.1/../../../../arm-none-eabi/lib/thumb/v7e-m+fp/hard\libc_nano.a(libc_a-nano-vfprintf.o)
 .text.__sfputs_r
                0x080032bc       0x24 C:/ST/STM32CubeCLT_1.16.0/GNU-tools-for-STM32/bin/../lib/gcc/arm-none-eabi/12.3.1/../../../../arm-none-eabi/lib/thumb/v7e-m+fp/hard\libc_nano.a(libc_a-nano-vfprintf.o)
                0x080032bc                __sfputs_r
 .text._vfprintf_r
                0x080032e0      0x230 C:/ST/STM32CubeCLT_1.16.0/GNU-tools-for-STM32/bin/../lib/gcc/arm-none-eabi/12.3.1/../../../../arm-none-eabi/lib/thumb/v7e-m+fp/hard\libc_nano.a(libc_a-nano-vfprintf.o)
                0x080032e0                _vfprintf_r
                0x080032e0                _vfiprintf_r
 .text.__swbuf_r
                0x08003510       0x7c C:/ST/STM32CubeCLT_1.16.0/GNU-tools-for-STM32/bin/../lib/gcc/arm-none-eabi/12.3.1/../../../../arm-none-eabi/lib/thumb/v7e-m+fp/hard\libc_nano.a(libc_a-wbuf.o)
                0x08003510                __swbuf_r
 .text.__swsetup_r
                0x0800358c       0xac C:/ST/STM32CubeCLT_1.16.0/GNU-tools-for-STM32/bin/../lib/gcc/arm-none-eabi/12.3.1/../../../../arm-none-eabi/lib/thumb/v7e-m+fp/hard\libc_nano.a(libc_a-wsetup.o)
                0x0800358c                __swsetup_r
 .text._raise_r
                0x08003638       0x50 C:/ST/STM32CubeCLT_1.16.0/GNU-tools-for-STM32/bin/../lib/gcc/arm-none-eabi/12.3.1/../../../../arm-none-eabi/lib/thumb/v7e-m+fp/hard\libc_nano.a(libc_a-signal.o)
                0x08003638                _raise_r
 .text.raise    0x08003688       0x10 C:/ST/STM32CubeCLT_1.16.0/GNU-tools-for-STM32/bin/../lib/gcc/arm-none-eabi/12.3.1/../../../../arm-none-eabi/lib/thumb/v7e-m+fp/hard\libc_nano.a(libc_a-signal.o)
                0x08003688                raise
 .text._kill_r  0x08003698       0x24 C:/ST/STM32CubeCLT_1.16.0/GNU-tools-for-STM32/bin/../lib/gcc/arm-none-eabi/12.3.1/../../../../arm-none-eabi/lib/thumb/v7e-m+fp/hard\libc_nano.a(libc_a-signalr.o)
                0x08003698                _kill_r
 .text._getpid_r
                0x080036bc        0x4 C:/ST/STM32CubeCLT_1.16.0/GNU-tools-for-STM32/bin/../lib/gcc/arm-none-eabi/12.3.1/../../../../arm-none-eabi/lib/thumb/v7e-m+fp/hard\libc_nano.a(libc_a-signalr.o)
                0x080036bc                _getpid_r
 .text.__swhatbuf_r
                0x080036c0       0x4c C:/ST/STM32CubeCLT_1.16.0/GNU-tools-for-STM32/bin/../lib/gcc/arm-none-eabi/12.3.1/../../../../arm-none-eabi/lib/thumb/v7e-m+fp/hard\libc_nano.a(libc_a-makebuf.o)
                0x080036c0                __swhatbuf_r
 .text.__smakebuf_r
                0x0800370c       0x78 C:/ST/STM32CubeCLT_1.16.0/GNU-tools-for-STM32/bin/../lib/gcc/arm-none-eabi/12.3.1/../../../../arm-none-eabi/lib/thumb/v7e-m+fp/hard\libc_nano.a(libc_a-makebuf.o)
                0x0800370c                __smakebuf_r
 .text._fstat_r
                0x08003784       0x24 C:/ST/STM32CubeCLT_1.16.0/GNU-tools-for-STM32/bin/../lib/gcc/arm-none-eabi/12.3.1/../../../../arm-none-eabi/lib/thumb/v7e-m+fp/hard\libc_nano.a(libc_a-fstatr.o)
                0x08003784                _fstat_r
 .text._isatty_r
                0x080037a8       0x20 C:/ST/STM32CubeCLT_1.16.0/GNU-tools-for-STM32/bin/../lib/gcc/arm-none-eabi/12.3.1/../../../../arm-none-eabi/lib/thumb/v7e-m+fp/hard\libc_nano.a(libc_a-isattyr.o)
                0x080037a8                _isatty_r
 .text.BSP_LCD_Init
                0x080037c8       0xe0 CMakeFiles/F746G_DISCO.dir/Drivers/BSP/STM32746G-Discovery/stm32746g_discovery_lcd.c.obj
                0x080037c8                BSP_LCD_Init
 .text.BSP_LCD_GetXSize
                0x080038a8       0x28 CMakeFiles/F746G_DISCO.dir/Drivers/BSP/STM32746G-Discovery/stm32746g_discovery_lcd.c.obj
                0x080038a8                BSP_LCD_GetXSize
 .text.BSP_LCD_GetYSize
                0x080038d0       0x28 CMakeFiles/F746G_DISCO.dir/Drivers/BSP/STM32746G-Discovery/stm32746g_discovery_lcd.c.obj
                0x080038d0                BSP_LCD_GetYSize
 .text.BSP_LCD_LayerDefaultInit
                0x080038f8       0xc0 CMakeFiles/F746G_DISCO.dir/Drivers/BSP/STM32746G-Discovery/stm32746g_discovery_lcd.c.obj
                0x080038f8                BSP_LCD_LayerDefaultInit
 .text.BSP_LCD_SelectLayer
                0x080039b8       0x20 CMakeFiles/F746G_DISCO.dir/Drivers/BSP/STM32746G-Discovery/stm32746g_discovery_lcd.c.obj
                0x080039b8                BSP_LCD_SelectLayer
 .text.BSP_LCD_SetTextColor
                0x080039d8       0x30 CMakeFiles/F746G_DISCO.dir/Drivers/BSP/STM32746G-Discovery/stm32746g_discovery_lcd.c.obj
                0x080039d8                BSP_LCD_SetTextColor
 .text.BSP_LCD_SetBackColor
                0x08003a08       0x34 CMakeFiles/F746G_DISCO.dir/Drivers/BSP/STM32746G-Discovery/stm32746g_discovery_lcd.c.obj
                0x08003a08                BSP_LCD_SetBackColor
 .text.BSP_LCD_SetFont
                0x08003a3c       0x34 CMakeFiles/F746G_DISCO.dir/Drivers/BSP/STM32746G-Discovery/stm32746g_discovery_lcd.c.obj
                0x08003a3c                BSP_LCD_SetFont
 .text.BSP_LCD_Clear
                0x08003a70       0x50 CMakeFiles/F746G_DISCO.dir/Drivers/BSP/STM32746G-Discovery/stm32746g_discovery_lcd.c.obj
                0x08003a70                BSP_LCD_Clear
 .text.BSP_LCD_DisplayChar
                0x08003ac0       0x88 CMakeFiles/F746G_DISCO.dir/Drivers/BSP/STM32746G-Discovery/stm32746g_discovery_lcd.c.obj
                0x08003ac0                BSP_LCD_DisplayChar
 .text.BSP_LCD_DisplayStringAt
                0x08003b48      0x190 CMakeFiles/F746G_DISCO.dir/Drivers/BSP/STM32746G-Discovery/stm32746g_discovery_lcd.c.obj
                0x08003b48                BSP_LCD_DisplayStringAt
 .text.BSP_LCD_DrawPixel
                0x08003cd8       0x90 CMakeFiles/F746G_DISCO.dir/Drivers/BSP/STM32746G-Discovery/stm32746g_discovery_lcd.c.obj
                0x08003cd8                BSP_LCD_DrawPixel
 .text.BSP_LCD_DisplayOn
                0x08003d68       0x3c CMakeFiles/F746G_DISCO.dir/Drivers/BSP/STM32746G-Discovery/stm32746g_discovery_lcd.c.obj
                0x08003d68                BSP_LCD_DisplayOn
 .text.BSP_LCD_MspInit
                0x08003da4      0x1b4 CMakeFiles/F746G_DISCO.dir/Drivers/BSP/STM32746G-Discovery/stm32746g_discovery_lcd.c.obj
                0x08003da4                BSP_LCD_MspInit
 .text.BSP_LCD_ClockConfig
                0x08003f58       0x38 CMakeFiles/F746G_DISCO.dir/Drivers/BSP/STM32746G-Discovery/stm32746g_discovery_lcd.c.obj
                0x08003f58                BSP_LCD_ClockConfig
 .text.DrawChar
                0x08003f90      0x170 CMakeFiles/F746G_DISCO.dir/Drivers/BSP/STM32746G-Discovery/stm32746g_discovery_lcd.c.obj
 .text.LL_FillBuffer
                0x08004100       0x98 CMakeFiles/F746G_DISCO.dir/Drivers/BSP/STM32746G-Discovery/stm32746g_discovery_lcd.c.obj
 .text.BSP_SDRAM_Init
                0x08004198       0xbc CMakeFiles/F746G_DISCO.dir/Drivers/BSP/STM32746G-Discovery/stm32746g_discovery_sdram.c.obj
                0x08004198                BSP_SDRAM_Init
 .text.BSP_SDRAM_Initialization_sequence
                0x08004254       0xc0 CMakeFiles/F746G_DISCO.dir/Drivers/BSP/STM32746G-Discovery/stm32746g_discovery_sdram.c.obj
                0x08004254                BSP_SDRAM_Initialization_sequence
 .text.BSP_SDRAM_MspInit
                0x08004314      0x1f0 CMakeFiles/F746G_DISCO.dir/Drivers/BSP/STM32746G-Discovery/stm32746g_discovery_sdram.c.obj
                0x08004314                BSP_SDRAM_MspInit
 .text.main     0x08004504       0x74 CMakeFiles/F746G_DISCO.dir/Core/Src/main.c.obj
                0x08004504                main
 .text.SystemClock_Config
                0x08004578       0xdc CMakeFiles/F746G_DISCO.dir/Core/Src/main.c.obj
                0x08004578                SystemClock_Config
 .text.__io_putchar
                0x08004654       0x24 CMakeFiles/F746G_DISCO.dir/Core/Src/main.c.obj
                0x08004654                __io_putchar
 .text.Error_Handler
                0x08004678        0xc CMakeFiles/F746G_DISCO.dir/Core/Src/main.c.obj
                0x08004678                Error_Handler
 .text.MX_GPIO_Init
                0x08004684      0x120 CMakeFiles/F746G_DISCO.dir/Core/Src/gpio.c.obj
                0x08004684                MX_GPIO_Init
 .text.MX_DMA2D_Init
                0x080047a4       0x64 CMakeFiles/F746G_DISCO.dir/Core/Src/dma2d.c.obj
                0x080047a4                MX_DMA2D_Init
 .text.HAL_DMA2D_MspInit
                0x08004808       0x40 CMakeFiles/F746G_DISCO.dir/Core/Src/dma2d.c.obj
                0x08004808                HAL_DMA2D_MspInit
 .text.MX_FMC_Init
                0x08004848       0x9c CMakeFiles/F746G_DISCO.dir/Core/Src/fmc.c.obj
                0x08004848                MX_FMC_Init
 .text.HAL_FMC_MspInit
                0x080048e4      0x120 CMakeFiles/F746G_DISCO.dir/Core/Src/fmc.c.obj
 .text.HAL_SDRAM_MspInit
                0x08004a04       0x14 CMakeFiles/F746G_DISCO.dir/Core/Src/fmc.c.obj
                0x08004a04                HAL_SDRAM_MspInit
 .text.MX_LTDC_Init
                0x08004a18      0x164 CMakeFiles/F746G_DISCO.dir/Core/Src/ltdc.c.obj
                0x08004a18                MX_LTDC_Init
 .text.HAL_LTDC_MspInit
                0x08004b7c      0x384 CMakeFiles/F746G_DISCO.dir/Core/Src/ltdc.c.obj
                0x08004b7c                HAL_LTDC_MspInit
 .text.MX_USART1_UART_Init
                0x08004f00       0x60 CMakeFiles/F746G_DISCO.dir/Core/Src/usart.c.obj
                0x08004f00                MX_USART1_UART_Init
 .text.HAL_UART_MspInit
                0x08004f60      0x104 CMakeFiles/F746G_DISCO.dir/Core/Src/usart.c.obj
                0x08004f60                HAL_UART_MspInit
 .text.NMI_Handler
                0x08005064        0x8 CMakeFiles/F746G_DISCO.dir/Core/Src/stm32f7xx_it.c.obj
                0x08005064                NMI_Handler
 .text.HardFault_Handler
                0x0800506c        0x8 CMakeFiles/F746G_DISCO.dir/Core/Src/stm32f7xx_it.c.obj
                0x0800506c                HardFault_Handler
 .text.MemManage_Handler
                0x08005074        0x8 CMakeFiles/F746G_DISCO.dir/Core/Src/stm32f7xx_it.c.obj
                0x08005074                MemManage_Handler
 .text.BusFault_Handler
                0x0800507c        0x8 CMakeFiles/F746G_DISCO.dir/Core/Src/stm32f7xx_it.c.obj
                0x0800507c                BusFault_Handler
 .text.UsageFault_Handler
                0x08005084        0x8 CMakeFiles/F746G_DISCO.dir/Core/Src/stm32f7xx_it.c.obj
                0x08005084                UsageFault_Handler
 .text.SVC_Handler
                0x0800508c        0xe CMakeFiles/F746G_DISCO.dir/Core/Src/stm32f7xx_it.c.obj
                0x0800508c                SVC_Handler
 .text.DebugMon_Handler
                0x0800509a        0xe CMakeFiles/F746G_DISCO.dir/Core/Src/stm32f7xx_it.c.obj
                0x0800509a                DebugMon_Handler
 .text.PendSV_Handler
                0x080050a8        0xe CMakeFiles/F746G_DISCO.dir/Core/Src/stm32f7xx_it.c.obj
                0x080050a8                PendSV_Handler
 .text.SysTick_Handler
                0x080050b6        0xc CMakeFiles/F746G_DISCO.dir/Core/Src/stm32f7xx_it.c.obj
                0x080050b6                SysTick_Handler
 *fill*         0x080050c2        0x2 
 .text.HAL_MspInit
                0x080050c4       0x48 CMakeFiles/F746G_DISCO.dir/Core/Src/stm32f7xx_hal_msp.c.obj
                0x080050c4                HAL_MspInit
 .text.__NVIC_SetPriorityGrouping
                0x0800510c       0x48 CMakeFiles/F746G_DISCO.dir/Drivers/STM32F7xx_HAL_Driver/Src/stm32f7xx_hal_cortex.c.obj
 .text.__NVIC_GetPriorityGrouping
                0x08005154       0x1c CMakeFiles/F746G_DISCO.dir/Drivers/STM32F7xx_HAL_Driver/Src/stm32f7xx_hal_cortex.c.obj
 .text.__NVIC_EnableIRQ
                0x08005170       0x3c CMakeFiles/F746G_DISCO.dir/Drivers/STM32F7xx_HAL_Driver/Src/stm32f7xx_hal_cortex.c.obj
 .text.__NVIC_SetPriority
                0x080051ac       0x54 CMakeFiles/F746G_DISCO.dir/Drivers/STM32F7xx_HAL_Driver/Src/stm32f7xx_hal_cortex.c.obj
 .text.NVIC_EncodePriority
                0x08005200       0x66 CMakeFiles/F746G_DISCO.dir/Drivers/STM32F7xx_HAL_Driver/Src/stm32f7xx_hal_cortex.c.obj
 *fill*         0x08005266        0x2 
 .text.SysTick_Config
                0x08005268       0x44 CMakeFiles/F746G_DISCO.dir/Drivers/STM32F7xx_HAL_Driver/Src/stm32f7xx_hal_cortex.c.obj
 .text.HAL_NVIC_SetPriorityGrouping
                0x080052ac       0x16 CMakeFiles/F746G_DISCO.dir/Drivers/STM32F7xx_HAL_Driver/Src/stm32f7xx_hal_cortex.c.obj
                0x080052ac                HAL_NVIC_SetPriorityGrouping
 .text.HAL_NVIC_SetPriority
                0x080052c2       0x38 CMakeFiles/F746G_DISCO.dir/Drivers/STM32F7xx_HAL_Driver/Src/stm32f7xx_hal_cortex.c.obj
                0x080052c2                HAL_NVIC_SetPriority
 .text.HAL_NVIC_EnableIRQ
                0x080052fa       0x1c CMakeFiles/F746G_DISCO.dir/Drivers/STM32F7xx_HAL_Driver/Src/stm32f7xx_hal_cortex.c.obj
                0x080052fa                HAL_NVIC_EnableIRQ
 .text.HAL_SYSTICK_Config
                0x08005316       0x18 CMakeFiles/F746G_DISCO.dir/Drivers/STM32F7xx_HAL_Driver/Src/stm32f7xx_hal_cortex.c.obj
                0x08005316                HAL_SYSTICK_Config
 *fill*         0x0800532e        0x2 
 .text.HAL_DMA2D_Init
                0x08005330       0x94 CMakeFiles/F746G_DISCO.dir/Drivers/STM32F7xx_HAL_Driver/Src/stm32f7xx_hal_dma2d.c.obj
                0x08005330                HAL_DMA2D_Init
 .text.HAL_DMA2D_Start
                0x080053c4       0x56 CMakeFiles/F746G_DISCO.dir/Drivers/STM32F7xx_HAL_Driver/Src/stm32f7xx_hal_dma2d.c.obj
                0x080053c4                HAL_DMA2D_Start
 .text.HAL_DMA2D_PollForTransfer
                0x0800541a      0x1d2 CMakeFiles/F746G_DISCO.dir/Drivers/STM32F7xx_HAL_Driver/Src/stm32f7xx_hal_dma2d.c.obj
                0x0800541a                HAL_DMA2D_PollForTransfer
 .text.HAL_DMA2D_ConfigLayer
                0x080055ec      0x124 CMakeFiles/F746G_DISCO.dir/Drivers/STM32F7xx_HAL_Driver/Src/stm32f7xx_hal_dma2d.c.obj
                0x080055ec                HAL_DMA2D_ConfigLayer
 .text.DMA2D_SetConfig
                0x08005710      0x138 CMakeFiles/F746G_DISCO.dir/Drivers/STM32F7xx_HAL_Driver/Src/stm32f7xx_hal_dma2d.c.obj
 .text.HAL_RCC_OscConfig
                0x08005848      0x548 CMakeFiles/F746G_DISCO.dir/Drivers/STM32F7xx_HAL_Driver/Src/stm32f7xx_hal_rcc.c.obj
                0x08005848                HAL_RCC_OscConfig
 .text.HAL_RCC_ClockConfig
                0x08005d90      0x1d8 CMakeFiles/F746G_DISCO.dir/Drivers/STM32F7xx_HAL_Driver/Src/stm32f7xx_hal_rcc.c.obj
                0x08005d90                HAL_RCC_ClockConfig
 .text.HAL_RCC_GetSysClockFreq
                0x08005f68      0x18c CMakeFiles/F746G_DISCO.dir/Drivers/STM32F7xx_HAL_Driver/Src/stm32f7xx_hal_rcc.c.obj
                0x08005f68                HAL_RCC_GetSysClockFreq
 .text.HAL_RCC_GetHCLKFreq
                0x080060f4       0x18 CMakeFiles/F746G_DISCO.dir/Drivers/STM32F7xx_HAL_Driver/Src/stm32f7xx_hal_rcc.c.obj
                0x080060f4                HAL_RCC_GetHCLKFreq
 .text.HAL_RCC_GetPCLK1Freq
                0x0800610c       0x28 CMakeFiles/F746G_DISCO.dir/Drivers/STM32F7xx_HAL_Driver/Src/stm32f7xx_hal_rcc.c.obj
                0x0800610c                HAL_RCC_GetPCLK1Freq
 .text.HAL_RCC_GetPCLK2Freq
                0x08006134       0x28 CMakeFiles/F746G_DISCO.dir/Drivers/STM32F7xx_HAL_Driver/Src/stm32f7xx_hal_rcc.c.obj
                0x08006134                HAL_RCC_GetPCLK2Freq
 .text.HAL_RCCEx_PeriphCLKConfig
                0x0800615c      0x7e0 CMakeFiles/F746G_DISCO.dir/Drivers/STM32F7xx_HAL_Driver/Src/stm32f7xx_hal_rcc_ex.c.obj
                0x0800615c                HAL_RCCEx_PeriphCLKConfig
 .text.HAL_GPIO_Init
                0x0800693c      0x358 CMakeFiles/F746G_DISCO.dir/Drivers/STM32F7xx_HAL_Driver/Src/stm32f7xx_hal_gpio.c.obj
                0x0800693c                HAL_GPIO_Init
 .text.HAL_GPIO_WritePin
                0x08006c94       0x32 CMakeFiles/F746G_DISCO.dir/Drivers/STM32F7xx_HAL_Driver/Src/stm32f7xx_hal_gpio.c.obj
                0x08006c94                HAL_GPIO_WritePin
 *fill*         0x08006cc6        0x2 
 .text.HAL_DMA_Init
                0x08006cc8      0x15c CMakeFiles/F746G_DISCO.dir/Drivers/STM32F7xx_HAL_Driver/Src/stm32f7xx_hal_dma.c.obj
                0x08006cc8                HAL_DMA_Init
 .text.HAL_DMA_DeInit
                0x08006e24       0xbc CMakeFiles/F746G_DISCO.dir/Drivers/STM32F7xx_HAL_Driver/Src/stm32f7xx_hal_dma.c.obj
                0x08006e24                HAL_DMA_DeInit
 .text.DMA_CalcBaseAndBitshift
                0x08006ee0       0x6c CMakeFiles/F746G_DISCO.dir/Drivers/STM32F7xx_HAL_Driver/Src/stm32f7xx_hal_dma.c.obj
 .text.DMA_CheckFifoParam
                0x08006f4c       0xf8 CMakeFiles/F746G_DISCO.dir/Drivers/STM32F7xx_HAL_Driver/Src/stm32f7xx_hal_dma.c.obj
 .text.HAL_PWR_EnableBkUpAccess
                0x08007044       0x20 CMakeFiles/F746G_DISCO.dir/Drivers/STM32F7xx_HAL_Driver/Src/stm32f7xx_hal_pwr.c.obj
                0x08007044                HAL_PWR_EnableBkUpAccess
 .text.HAL_PWREx_EnableOverDrive
                0x08007064       0xa0 CMakeFiles/F746G_DISCO.dir/Drivers/STM32F7xx_HAL_Driver/Src/stm32f7xx_hal_pwr_ex.c.obj
                0x08007064                HAL_PWREx_EnableOverDrive
 .text.HAL_Init
                0x08007104       0x1a CMakeFiles/F746G_DISCO.dir/Drivers/STM32F7xx_HAL_Driver/Src/stm32f7xx_hal.c.obj
                0x08007104                HAL_Init
 *fill*         0x0800711e        0x2 
 .text.HAL_InitTick
                0x08007120       0x60 CMakeFiles/F746G_DISCO.dir/Drivers/STM32F7xx_HAL_Driver/Src/stm32f7xx_hal.c.obj
                0x08007120                HAL_InitTick
 .text.HAL_IncTick
                0x08007180       0x28 CMakeFiles/F746G_DISCO.dir/Drivers/STM32F7xx_HAL_Driver/Src/stm32f7xx_hal.c.obj
                0x08007180                HAL_IncTick
 .text.HAL_GetTick
                0x080071a8       0x18 CMakeFiles/F746G_DISCO.dir/Drivers/STM32F7xx_HAL_Driver/Src/stm32f7xx_hal.c.obj
                0x080071a8                HAL_GetTick
 .text.HAL_Delay
                0x080071c0       0x48 CMakeFiles/F746G_DISCO.dir/Drivers/STM32F7xx_HAL_Driver/Src/stm32f7xx_hal.c.obj
                0x080071c0                HAL_Delay
 .text.FMC_SDRAM_Init
                0x08007208       0xb8 CMakeFiles/F746G_DISCO.dir/Drivers/STM32F7xx_HAL_Driver/Src/stm32f7xx_ll_fmc.c.obj
                0x08007208                FMC_SDRAM_Init
 .text.FMC_SDRAM_Timing_Init
                0x080072c0       0xd4 CMakeFiles/F746G_DISCO.dir/Drivers/STM32F7xx_HAL_Driver/Src/stm32f7xx_ll_fmc.c.obj
                0x080072c0                FMC_SDRAM_Timing_Init
 .text.FMC_SDRAM_SendCommand
                0x08007394       0x48 CMakeFiles/F746G_DISCO.dir/Drivers/STM32F7xx_HAL_Driver/Src/stm32f7xx_ll_fmc.c.obj
                0x08007394                FMC_SDRAM_SendCommand
 .text.FMC_SDRAM_ProgramRefreshRate
                0x080073dc       0x30 CMakeFiles/F746G_DISCO.dir/Drivers/STM32F7xx_HAL_Driver/Src/stm32f7xx_ll_fmc.c.obj
                0x080073dc                FMC_SDRAM_ProgramRefreshRate
 .text.HAL_SDRAM_Init
                0x0800740c       0x68 CMakeFiles/F746G_DISCO.dir/Drivers/STM32F7xx_HAL_Driver/Src/stm32f7xx_hal_sdram.c.obj
                0x0800740c                HAL_SDRAM_Init
 .text.HAL_SDRAM_SendCommand
                0x08007474       0x6a CMakeFiles/F746G_DISCO.dir/Drivers/STM32F7xx_HAL_Driver/Src/stm32f7xx_hal_sdram.c.obj
                0x08007474                HAL_SDRAM_SendCommand
 .text.HAL_SDRAM_ProgramRefreshRate
                0x080074de       0x50 CMakeFiles/F746G_DISCO.dir/Drivers/STM32F7xx_HAL_Driver/Src/stm32f7xx_hal_sdram.c.obj
                0x080074de                HAL_SDRAM_ProgramRefreshRate
 *fill*         0x0800752e        0x2 
 .text.HAL_LTDC_Init
                0x08007530      0x1a0 CMakeFiles/F746G_DISCO.dir/Drivers/STM32F7xx_HAL_Driver/Src/stm32f7xx_hal_ltdc.c.obj
                0x08007530                HAL_LTDC_Init
 .text.HAL_LTDC_ConfigLayer
                0x080076d0       0x7c CMakeFiles/F746G_DISCO.dir/Drivers/STM32F7xx_HAL_Driver/Src/stm32f7xx_hal_ltdc.c.obj
                0x080076d0                HAL_LTDC_ConfigLayer
 .text.HAL_LTDC_GetState
                0x0800774c       0x1c CMakeFiles/F746G_DISCO.dir/Drivers/STM32F7xx_HAL_Driver/Src/stm32f7xx_hal_ltdc.c.obj
                0x0800774c                HAL_LTDC_GetState
 .text.LTDC_SetConfig
                0x08007768      0x334 CMakeFiles/F746G_DISCO.dir/Drivers/STM32F7xx_HAL_Driver/Src/stm32f7xx_hal_ltdc.c.obj
 .text.HAL_UART_Init
                0x08007a9c       0x9c CMakeFiles/F746G_DISCO.dir/Drivers/STM32F7xx_HAL_Driver/Src/stm32f7xx_hal_uart.c.obj
                0x08007a9c                HAL_UART_Init
 .text.HAL_UART_Transmit
                0x08007b38      0x112 CMakeFiles/F746G_DISCO.dir/Drivers/STM32F7xx_HAL_Driver/Src/stm32f7xx_hal_uart.c.obj
                0x08007b38                HAL_UART_Transmit
 *fill*         0x08007c4a        0x2 
 .text.UART_SetConfig
                0x08007c4c      0x4c8 CMakeFiles/F746G_DISCO.dir/Drivers/STM32F7xx_HAL_Driver/Src/stm32f7xx_hal_uart.c.obj
                0x08007c4c                UART_SetConfig
 .text.UART_AdvFeatureConfig
                0x08008114      0x144 CMakeFiles/F746G_DISCO.dir/Drivers/STM32F7xx_HAL_Driver/Src/stm32f7xx_hal_uart.c.obj
                0x08008114                UART_AdvFeatureConfig
 .text.UART_CheckIdleState
                0x08008258       0xae CMakeFiles/F746G_DISCO.dir/Drivers/STM32F7xx_HAL_Driver/Src/stm32f7xx_hal_uart.c.obj
                0x08008258                UART_CheckIdleState
 .text.UART_WaitOnFlagUntilTimeout
                0x08008306       0xda CMakeFiles/F746G_DISCO.dir/Drivers/STM32F7xx_HAL_Driver/Src/stm32f7xx_hal_uart.c.obj
                0x08008306                UART_WaitOnFlagUntilTimeout
 .text.UART_EndRxTransfer
                0x080083e0       0xc8 CMakeFiles/F746G_DISCO.dir/Drivers/STM32F7xx_HAL_Driver/Src/stm32f7xx_hal_uart.c.obj
 .text.SystemInit
                0x080084a8       0x24 CMakeFiles/F746G_DISCO.dir/Core/Src/system_stm32f7xx.c.obj
                0x080084a8                SystemInit
 .text._sbrk    0x080084cc       0x6c CMakeFiles/F746G_DISCO.dir/Core/Src/sysmem.c.obj
                0x080084cc                _sbrk
 .text._getpid  0x08008538       0x10 CMakeFiles/F746G_DISCO.dir/Core/Src/syscalls.c.obj
                0x08008538                _getpid
 .text._kill    0x08008548       0x20 CMakeFiles/F746G_DISCO.dir/Core/Src/syscalls.c.obj
                0x08008548                _kill
 .text._exit    0x08008568       0x16 CMakeFiles/F746G_DISCO.dir/Core/Src/syscalls.c.obj
                0x08008568                _exit
 .text._read    0x0800857e       0x3a CMakeFiles/F746G_DISCO.dir/Core/Src/syscalls.c.obj
                0x0800857e                _read
 .text._write   0x080085b8       0x38 CMakeFiles/F746G_DISCO.dir/Core/Src/syscalls.c.obj
                0x080085b8                _write
 .text._close   0x080085f0       0x18 CMakeFiles/F746G_DISCO.dir/Core/Src/syscalls.c.obj
                0x080085f0                _close
 .text._fstat   0x08008608       0x20 CMakeFiles/F746G_DISCO.dir/Core/Src/syscalls.c.obj
                0x08008608                _fstat
 .text._isatty  0x08008628       0x16 CMakeFiles/F746G_DISCO.dir/Core/Src/syscalls.c.obj
                0x08008628                _isatty
 .text._lseek   0x0800863e       0x1a CMakeFiles/F746G_DISCO.dir/Core/Src/syscalls.c.obj
                0x0800863e                _lseek
 .text.Reset_Handler
                0x08008658       0x50 CMakeFiles/F746G_DISCO.dir/startup_stm32f746xx.s.obj
                0x08008658                Reset_Handler
 .text.Default_Handler
                0x080086a8        0x2 CMakeFiles/F746G_DISCO.dir/startup_stm32f746xx.s.obj
                0x080086a8                RTC_Alarm_IRQHandler
                0x080086a8                EXTI2_IRQHandler
                0x080086a8                TIM8_CC_IRQHandler
                0x080086a8                UART8_IRQHandler
                0x080086a8                SPI4_IRQHandler
                0x080086a8                TIM1_CC_IRQHandler
                0x080086a8                DMA2_Stream5_IRQHandler
                0x080086a8                DMA1_Stream5_IRQHandler
                0x080086a8                PVD_IRQHandler
                0x080086a8                TAMP_STAMP_IRQHandler
                0x080086a8                CAN2_RX1_IRQHandler
                0x080086a8                EXTI3_IRQHandler
                0x080086a8                TIM8_TRG_COM_TIM14_IRQHandler
                0x080086a8                TIM1_UP_TIM10_IRQHandler
                0x080086a8                TIM8_UP_TIM13_IRQHandler
                0x080086a8                I2C3_ER_IRQHandler
                0x080086a8                EXTI0_IRQHandler
                0x080086a8                I2C2_EV_IRQHandler
                0x080086a8                DMA1_Stream2_IRQHandler
                0x080086a8                CAN1_RX0_IRQHandler
                0x080086a8                FPU_IRQHandler
                0x080086a8                OTG_HS_WKUP_IRQHandler
                0x080086a8                LTDC_ER_IRQHandler
                0x080086a8                CAN2_SCE_IRQHandler
                0x080086a8                DMA2_Stream2_IRQHandler
                0x080086a8                SPI1_IRQHandler
                0x080086a8                TIM6_DAC_IRQHandler
                0x080086a8                TIM1_BRK_TIM9_IRQHandler
                0x080086a8                DCMI_IRQHandler
                0x080086a8                CAN2_RX0_IRQHandler
                0x080086a8                DMA2_Stream3_IRQHandler
                0x080086a8                SAI2_IRQHandler
                0x080086a8                USART6_IRQHandler
                0x080086a8                USART3_IRQHandler
                0x080086a8                CAN1_RX1_IRQHandler
                0x080086a8                UART5_IRQHandler
                0x080086a8                DMA2_Stream0_IRQHandler
                0x080086a8                TIM4_IRQHandler
                0x080086a8                QUADSPI_IRQHandler
                0x080086a8                I2C1_EV_IRQHandler
                0x080086a8                DMA1_Stream6_IRQHandler
                0x080086a8                DMA1_Stream1_IRQHandler
                0x080086a8                UART4_IRQHandler
                0x080086a8                TIM3_IRQHandler
                0x080086a8                RCC_IRQHandler
                0x080086a8                TIM8_BRK_TIM12_IRQHandler
                0x080086a8                Default_Handler
                0x080086a8                CEC_IRQHandler
                0x080086a8                EXTI15_10_IRQHandler
                0x080086a8                ADC_IRQHandler
                0x080086a8                DMA1_Stream7_IRQHandler
                0x080086a8                SPI5_IRQHandler
                0x080086a8                TIM7_IRQHandler
                0x080086a8                SDMMC1_IRQHandler
                0x080086a8                CAN2_TX_IRQHandler
                0x080086a8                TIM5_IRQHandler
                0x080086a8                DMA2_Stream7_IRQHandler
                0x080086a8                I2C3_EV_IRQHandler
                0x080086a8                EXTI9_5_IRQHandler
                0x080086a8                RTC_WKUP_IRQHandler
                0x080086a8                LTDC_IRQHandler
                0x080086a8                ETH_WKUP_IRQHandler
                0x080086a8                SPDIF_RX_IRQHandler
                0x080086a8                SPI2_IRQHandler
                0x080086a8                OTG_HS_EP1_IN_IRQHandler
                0x080086a8                DMA1_Stream0_IRQHandler
                0x080086a8                CAN1_TX_IRQHandler
                0x080086a8                EXTI4_IRQHandler
                0x080086a8                RNG_IRQHandler
                0x080086a8                ETH_IRQHandler
                0x080086a8                OTG_HS_EP1_OUT_IRQHandler
                0x080086a8                WWDG_IRQHandler
                0x080086a8                SPI6_IRQHandler
                0x080086a8                I2C4_EV_IRQHandler
                0x080086a8                TIM2_IRQHandler
                0x080086a8                OTG_FS_WKUP_IRQHandler
                0x080086a8                TIM1_TRG_COM_TIM11_IRQHandler
                0x080086a8                OTG_HS_IRQHandler
                0x080086a8                DMA2D_IRQHandler
                0x080086a8                EXTI1_IRQHandler
                0x080086a8                UART7_IRQHandler
                0x080086a8                USART2_IRQHandler
                0x080086a8                I2C2_ER_IRQHandler
                0x080086a8                DMA2_Stream1_IRQHandler
                0x080086a8                CAN1_SCE_IRQHandler
                0x080086a8                FLASH_IRQHandler
                0x080086a8                DMA2_Stream4_IRQHandler
                0x080086a8                USART1_IRQHandler
                0x080086a8                OTG_FS_IRQHandler
                0x080086a8                SPI3_IRQHandler
                0x080086a8                DMA1_Stream4_IRQHandler
                0x080086a8                I2C1_ER_IRQHandler
                0x080086a8                FMC_IRQHandler
                0x080086a8                LPTIM1_IRQHandler
                0x080086a8                I2C4_ER_IRQHandler
                0x080086a8                DMA2_Stream6_IRQHandler
                0x080086a8                SAI1_IRQHandler
                0x080086a8                DMA1_Stream3_IRQHandler
 .text._puts_r  0x080086aa       0xaa C:/ST/STM32CubeCLT_1.16.0/GNU-tools-for-STM32/bin/../lib/gcc/arm-none-eabi/12.3.1/../../../../arm-none-eabi/lib/thumb/v7e-m+fp/hard\libg_nano.a(libc_a-puts.o)
                0x080086aa                _puts_r
 .text.puts     0x08008754       0x10 C:/ST/STM32CubeCLT_1.16.0/GNU-tools-for-STM32/bin/../lib/gcc/arm-none-eabi/12.3.1/../../../../arm-none-eabi/lib/thumb/v7e-m+fp/hard\libg_nano.a(libc_a-puts.o)
                0x08008754                puts
 .text.__errno  0x08008764        0xc C:/ST/STM32CubeCLT_1.16.0/GNU-tools-for-STM32/bin/../lib/gcc/arm-none-eabi/12.3.1/../../../../arm-none-eabi/lib/thumb/v7e-m+fp/hard\libg_nano.a(libc_a-errno.o)
                0x08008764                __errno
 *(.glue_7)
 .glue_7        0x08008770        0x0 linker stubs
 *(.glue_7t)
 .glue_7t       0x08008770        0x0 linker stubs
 *(.eh_frame)
 .eh_frame      0x08008770        0x0 C:/ST/STM32CubeCLT_1.16.0/GNU-tools-for-STM32/bin/../lib/gcc/arm-none-eabi/12.3.1/thumb/v7e-m+fp/hard/crtbegin.o
 *(.init)
 .init          0x08008770        0x4 C:/ST/STM32CubeCLT_1.16.0/GNU-tools-for-STM32/bin/../lib/gcc/arm-none-eabi/12.3.1/thumb/v7e-m+fp/hard/crti.o
                0x08008770                _init
 .init          0x08008774        0x8 C:/ST/STM32CubeCLT_1.16.0/GNU-tools-for-STM32/bin/../lib/gcc/arm-none-eabi/12.3.1/thumb/v7e-m+fp/hard/crtn.o
 *(.fini)
 .fini          0x0800877c        0x4 C:/ST/STM32CubeCLT_1.16.0/GNU-tools-for-STM32/bin/../lib/gcc/arm-none-eabi/12.3.1/thumb/v7e-m+fp/hard/crti.o
                0x0800877c                _fini
 .fini          0x08008780        0x8 C:/ST/STM32CubeCLT_1.16.0/GNU-tools-for-STM32/bin/../lib/gcc/arm-none-eabi/12.3.1/thumb/v7e-m+fp/hard/crtn.o
                0x08008788                        . = ALIGN (0x4)
                0x08008788                        _etext = .

.vfp11_veneer   0x08008788        0x0
 .vfp11_veneer  0x08008788        0x0 linker stubs

.v4_bx          0x08008788        0x0
 .v4_bx         0x08008788        0x0 linker stubs

.iplt           0x08008788        0x0
 .iplt          0x08008788        0x0 C:/ST/STM32CubeCLT_1.16.0/GNU-tools-for-STM32/bin/../lib/gcc/arm-none-eabi/12.3.1/thumb/v7e-m+fp/hard/crtbegin.o

.rodata         0x08008788     0x1e90
                0x08008788                        . = ALIGN (0x4)
 *(.rodata)
 .rodata        0x08008788       0x44 CMakeFiles/F746G_DISCO.dir/Core/Src/main.c.obj
 *(.rodata*)
 .rodata._printf_float.str1.1
                0x080087cc       0x12 C:/ST/STM32CubeCLT_1.16.0/GNU-tools-for-STM32/bin/../lib/gcc/arm-none-eabi/12.3.1/../../../../arm-none-eabi/lib/thumb/v7e-m+fp/hard\libc_nano.a(libc_a-nano-vfprintf_float.o)
 .rodata._printf_i.str1.1
                0x080087de       0x22 C:/ST/STM32CubeCLT_1.16.0/GNU-tools-for-STM32/bin/../lib/gcc/arm-none-eabi/12.3.1/../../../../arm-none-eabi/lib/thumb/v7e-m+fp/hard\libc_nano.a(libc_a-nano-vfprintf_i.o)
 .rodata._dtoa_r.str1.1
                0x08008800       0x8d C:/ST/STM32CubeCLT_1.16.0/GNU-tools-for-STM32/bin/../lib/gcc/arm-none-eabi/12.3.1/../../../../arm-none-eabi/lib/thumb/v7e-m+fp/hard\libc_nano.a(libc_a-dtoa.o)
                                 0x8f (size before relaxing)
 .rodata._Balloc.str1.1
                0x0800888d       0x59 C:/ST/STM32CubeCLT_1.16.0/GNU-tools-for-STM32/bin/../lib/gcc/arm-none-eabi/12.3.1/../../../../arm-none-eabi/lib/thumb/v7e-m+fp/hard\libc_nano.a(libc_a-mprec.o)
                                 0x70 (size before relaxing)
 .rodata.__multadd.str1.1
                0x080088e6       0x11 C:/ST/STM32CubeCLT_1.16.0/GNU-tools-for-STM32/bin/../lib/gcc/arm-none-eabi/12.3.1/../../../../arm-none-eabi/lib/thumb/v7e-m+fp/hard\libc_nano.a(libc_a-mprec.o)
 *fill*         0x080088e6        0x2 
 .rodata.p05.0  0x080088e8        0xc C:/ST/STM32CubeCLT_1.16.0/GNU-tools-for-STM32/bin/../lib/gcc/arm-none-eabi/12.3.1/../../../../arm-none-eabi/lib/thumb/v7e-m+fp/hard\libc_nano.a(libc_a-mprec.o)
 *fill*         0x080088f4        0x4 
 .rodata.__mprec_bigtens
                0x080088f8       0x28 C:/ST/STM32CubeCLT_1.16.0/GNU-tools-for-STM32/bin/../lib/gcc/arm-none-eabi/12.3.1/../../../../arm-none-eabi/lib/thumb/v7e-m+fp/hard\libc_nano.a(libc_a-mprec.o)
                0x080088f8                __mprec_bigtens
 .rodata.__mprec_tens
                0x08008920       0xc8 C:/ST/STM32CubeCLT_1.16.0/GNU-tools-for-STM32/bin/../lib/gcc/arm-none-eabi/12.3.1/../../../../arm-none-eabi/lib/thumb/v7e-m+fp/hard\libc_nano.a(libc_a-mprec.o)
                0x08008920                __mprec_tens
 .rodata._setlocale_r.str1.1
                0x080089e8        0x8 C:/ST/STM32CubeCLT_1.16.0/GNU-tools-for-STM32/bin/../lib/gcc/arm-none-eabi/12.3.1/../../../../arm-none-eabi/lib/thumb/v7e-m+fp/hard\libc_nano.a(libc_a-locale.o)
                                  0x9 (size before relaxing)
 .rodata.str1.1
                0x080089f0        0x2 C:/ST/STM32CubeCLT_1.16.0/GNU-tools-for-STM32/bin/../lib/gcc/arm-none-eabi/12.3.1/../../../../arm-none-eabi/lib/thumb/v7e-m+fp/hard\libc_nano.a(libc_a-locale.o)
 .rodata.__assert_func.str1.1
                0x080089f2       0x3c C:/ST/STM32CubeCLT_1.16.0/GNU-tools-for-STM32/bin/../lib/gcc/arm-none-eabi/12.3.1/../../../../arm-none-eabi/lib/thumb/v7e-m+fp/hard\libc_nano.a(libc_a-assert.o)
                                 0x3d (size before relaxing)
 .rodata._ctype_
                0x08008a2e      0x101 C:/ST/STM32CubeCLT_1.16.0/GNU-tools-for-STM32/bin/../lib/gcc/arm-none-eabi/12.3.1/../../../../arm-none-eabi/lib/thumb/v7e-m+fp/hard\libc_nano.a(libc_a-ctype_.o)
                0x08008a2e                _ctype_
 .rodata._vfprintf_r.str1.1
                0x08008b2f       0x11 C:/ST/STM32CubeCLT_1.16.0/GNU-tools-for-STM32/bin/../lib/gcc/arm-none-eabi/12.3.1/../../../../arm-none-eabi/lib/thumb/v7e-m+fp/hard\libc_nano.a(libc_a-nano-vfprintf.o)
 .rodata.Font24_Table
                0x08008b40     0x1ab8 CMakeFiles/F746G_DISCO.dir/Drivers/BSP/STM32746G-Discovery/stm32746g_discovery_lcd.c.obj
                0x08008b40                Font24_Table
 .rodata.flagBitshiftOffset.0
                0x0800a5f8        0x8 CMakeFiles/F746G_DISCO.dir/Drivers/STM32F7xx_HAL_Driver/Src/stm32f7xx_hal_dma.c.obj
 .rodata.AHBPrescTable
                0x0800a600       0x10 CMakeFiles/F746G_DISCO.dir/Core/Src/system_stm32f7xx.c.obj
                0x0800a600                AHBPrescTable
 .rodata.APBPrescTable
                0x0800a610        0x8 CMakeFiles/F746G_DISCO.dir/Core/Src/system_stm32f7xx.c.obj
                0x0800a610                APBPrescTable
                0x0800a618                        . = ALIGN (0x4)

.ARM.extab
 *(.ARM.extab* .gnu.linkonce.armextab.*)

.ARM            0x0800a618        0x8
                0x0800a618                        __exidx_start = .
 *(.ARM.exidx*)
 .ARM.exidx     0x0800a618        0x8 C:/ST/STM32CubeCLT_1.16.0/GNU-tools-for-STM32/bin/../lib/gcc/arm-none-eabi/12.3.1/../../../../arm-none-eabi/lib/thumb/v7e-m+fp/hard\libc_nano.a(libc_a-memchr.o)
 .ARM.exidx     0x0800a620        0x0 C:/ST/STM32CubeCLT_1.16.0/GNU-tools-for-STM32/bin/../lib/gcc/arm-none-eabi/12.3.1/../../../../arm-none-eabi/lib/thumb/v7e-m+fp/hard\libc_nano.a(libc_a-strlen.o)
                                  0x8 (size before relaxing)
 .ARM.exidx     0x0800a620        0x0 C:/ST/STM32CubeCLT_1.16.0/GNU-tools-for-STM32/bin/../lib/gcc/arm-none-eabi/12.3.1/thumb/v7e-m+fp/hard\libgcc.a(_udivmoddi4.o)
                                  0x8 (size before relaxing)
                0x0800a620                        __exidx_end = .

.rel.dyn        0x0800a620        0x0
 .rel.iplt      0x0800a620        0x0 C:/ST/STM32CubeCLT_1.16.0/GNU-tools-for-STM32/bin/../lib/gcc/arm-none-eabi/12.3.1/thumb/v7e-m+fp/hard/crtbegin.o

.preinit_array  0x0800a620        0x0
                0x0800a620                        PROVIDE (__preinit_array_start = .)
 *(.preinit_array*)
                0x0800a620                        PROVIDE (__preinit_array_end = .)

.init_array     0x0800a620        0x4
                0x0800a620                        PROVIDE (__init_array_start = .)
 *(SORT_BY_NAME(.init_array.*))
 *(.init_array*)
 .init_array    0x0800a620        0x4 C:/ST/STM32CubeCLT_1.16.0/GNU-tools-for-STM32/bin/../lib/gcc/arm-none-eabi/12.3.1/thumb/v7e-m+fp/hard/crtbegin.o
                0x0800a624                        PROVIDE (__init_array_end = .)

.fini_array     0x0800a624        0x4
                [!provide]                        PROVIDE (__fini_array_start = .)
 *(SORT_BY_NAME(.fini_array.*))
 *(.fini_array*)
 .fini_array    0x0800a624        0x4 C:/ST/STM32CubeCLT_1.16.0/GNU-tools-for-STM32/bin/../lib/gcc/arm-none-eabi/12.3.1/thumb/v7e-m+fp/hard/crtbegin.o
                [!provide]                        PROVIDE (__fini_array_end = .)
                0x0800a628                        _sidata = LOADADDR (.data)

.data           0x20000000      0x1e0 load address 0x0800a628
                0x20000000                        . = ALIGN (0x4)
                0x20000000                        _sdata = .
 *(.data)
 *(.data*)
 .data.__sglue  0x20000000        0xc C:/ST/STM32CubeCLT_1.16.0/GNU-tools-for-STM32/bin/../lib/gcc/arm-none-eabi/12.3.1/../../../../arm-none-eabi/lib/thumb/v7e-m+fp/hard\libc_nano.a(libc_a-findfp.o)
                0x20000000                __sglue
 .data._impure_ptr
                0x2000000c        0x4 C:/ST/STM32CubeCLT_1.16.0/GNU-tools-for-STM32/bin/../lib/gcc/arm-none-eabi/12.3.1/../../../../arm-none-eabi/lib/thumb/v7e-m+fp/hard\libc_nano.a(libc_a-impure.o)
                0x2000000c                _impure_ptr
 .data._impure_data
                0x20000010       0x4c C:/ST/STM32CubeCLT_1.16.0/GNU-tools-for-STM32/bin/../lib/gcc/arm-none-eabi/12.3.1/../../../../arm-none-eabi/lib/thumb/v7e-m+fp/hard\libc_nano.a(libc_a-impure.o)
                0x20000010                _impure_data
 .data.__global_locale
                0x2000005c      0x16c C:/ST/STM32CubeCLT_1.16.0/GNU-tools-for-STM32/bin/../lib/gcc/arm-none-eabi/12.3.1/../../../../arm-none-eabi/lib/thumb/v7e-m+fp/hard\libc_nano.a(libc_a-locale.o)
                0x2000005c                __global_locale
 .data.Font24   0x200001c8        0x8 CMakeFiles/F746G_DISCO.dir/Drivers/BSP/STM32746G-Discovery/stm32746g_discovery_lcd.c.obj
                0x200001c8                Font24
 .data.sdramstatus.3
                0x200001d0        0x1 CMakeFiles/F746G_DISCO.dir/Drivers/BSP/STM32746G-Discovery/stm32746g_discovery_sdram.c.obj
 *fill*         0x200001d1        0x3 
 .data.uwTickPrio
                0x200001d4        0x4 CMakeFiles/F746G_DISCO.dir/Drivers/STM32F7xx_HAL_Driver/Src/stm32f7xx_hal.c.obj
                0x200001d4                uwTickPrio
 .data.uwTickFreq
                0x200001d8        0x1 CMakeFiles/F746G_DISCO.dir/Drivers/STM32F7xx_HAL_Driver/Src/stm32f7xx_hal.c.obj
                0x200001d8                uwTickFreq
 *fill*         0x200001d9        0x3 
 .data.SystemCoreClock
                0x200001dc        0x4 CMakeFiles/F746G_DISCO.dir/Core/Src/system_stm32f7xx.c.obj
                0x200001dc                SystemCoreClock
                0x200001e0                        . = ALIGN (0x4)
                0x200001e0                        _edata = .

.igot.plt       0x200001e0        0x0 load address 0x0800a808
 .igot.plt      0x200001e0        0x0 C:/ST/STM32CubeCLT_1.16.0/GNU-tools-for-STM32/bin/../lib/gcc/arm-none-eabi/12.3.1/thumb/v7e-m+fp/hard/crtbegin.o
                0x200001e0                        . = ALIGN (0x4)

.bss            0x200001e0      0x560 load address 0x0800a808
                0x200001e0                        _sbss = .
                0x200001e0                        __bss_start__ = _sbss
 *(.bss)
 .bss           0x200001e0       0x1c C:/ST/STM32CubeCLT_1.16.0/GNU-tools-for-STM32/bin/../lib/gcc/arm-none-eabi/12.3.1/thumb/v7e-m+fp/hard/crtbegin.o
 *(.bss*)
 .bss.__sf      0x200001fc      0x138 C:/ST/STM32CubeCLT_1.16.0/GNU-tools-for-STM32/bin/../lib/gcc/arm-none-eabi/12.3.1/../../../../arm-none-eabi/lib/thumb/v7e-m+fp/hard\libc_nano.a(libc_a-findfp.o)
                0x200001fc                __sf
 .bss.__stdio_exit_handler
                0x20000334        0x4 C:/ST/STM32CubeCLT_1.16.0/GNU-tools-for-STM32/bin/../lib/gcc/arm-none-eabi/12.3.1/../../../../arm-none-eabi/lib/thumb/v7e-m+fp/hard\libc_nano.a(libc_a-findfp.o)
                0x20000334                __stdio_exit_handler
 .bss.errno     0x20000338        0x4 C:/ST/STM32CubeCLT_1.16.0/GNU-tools-for-STM32/bin/../lib/gcc/arm-none-eabi/12.3.1/../../../../arm-none-eabi/lib/thumb/v7e-m+fp/hard\libc_nano.a(libc_a-reent.o)
                0x20000338                errno
 .bss.__lock___malloc_recursive_mutex
                0x2000033c        0x1 C:/ST/STM32CubeCLT_1.16.0/GNU-tools-for-STM32/bin/../lib/gcc/arm-none-eabi/12.3.1/../../../../arm-none-eabi/lib/thumb/v7e-m+fp/hard\libc_nano.a(libc_a-lock.o)
                0x2000033c                __lock___malloc_recursive_mutex
 .bss.__lock___sfp_recursive_mutex
                0x2000033d        0x1 C:/ST/STM32CubeCLT_1.16.0/GNU-tools-for-STM32/bin/../lib/gcc/arm-none-eabi/12.3.1/../../../../arm-none-eabi/lib/thumb/v7e-m+fp/hard\libc_nano.a(libc_a-lock.o)
                0x2000033d                __lock___sfp_recursive_mutex
 *fill*         0x2000033e        0x2 
 .bss.__malloc_sbrk_start
                0x20000340        0x4 C:/ST/STM32CubeCLT_1.16.0/GNU-tools-for-STM32/bin/../lib/gcc/arm-none-eabi/12.3.1/../../../../arm-none-eabi/lib/thumb/v7e-m+fp/hard\libc_nano.a(libc_a-mallocr.o)
                0x20000340                __malloc_sbrk_start
 .bss.__malloc_free_list
                0x20000344        0x4 C:/ST/STM32CubeCLT_1.16.0/GNU-tools-for-STM32/bin/../lib/gcc/arm-none-eabi/12.3.1/../../../../arm-none-eabi/lib/thumb/v7e-m+fp/hard\libc_nano.a(libc_a-mallocr.o)
                0x20000344                __malloc_free_list
 .bss.hLtdcHandler
                0x20000348       0xa8 CMakeFiles/F746G_DISCO.dir/Drivers/BSP/STM32746G-Discovery/stm32746g_discovery_lcd.c.obj
                0x20000348                hLtdcHandler
 .bss.hDma2dHandler
                0x200003f0       0x40 CMakeFiles/F746G_DISCO.dir/Drivers/BSP/STM32746G-Discovery/stm32746g_discovery_lcd.c.obj
 .bss.ActiveLayer
                0x20000430        0x4 CMakeFiles/F746G_DISCO.dir/Drivers/BSP/STM32746G-Discovery/stm32746g_discovery_lcd.c.obj
 .bss.DrawProp  0x20000434       0x18 CMakeFiles/F746G_DISCO.dir/Drivers/BSP/STM32746G-Discovery/stm32746g_discovery_lcd.c.obj
 .bss.periph_clk_init_struct.0
                0x2000044c       0x84 CMakeFiles/F746G_DISCO.dir/Drivers/BSP/STM32746G-Discovery/stm32746g_discovery_lcd.c.obj
 .bss.sdramHandle
                0x200004d0       0x34 CMakeFiles/F746G_DISCO.dir/Drivers/BSP/STM32746G-Discovery/stm32746g_discovery_sdram.c.obj
                0x200004d0                sdramHandle
 .bss.Timing    0x20000504       0x1c CMakeFiles/F746G_DISCO.dir/Drivers/BSP/STM32746G-Discovery/stm32746g_discovery_sdram.c.obj
 .bss.Command   0x20000520       0x10 CMakeFiles/F746G_DISCO.dir/Drivers/BSP/STM32746G-Discovery/stm32746g_discovery_sdram.c.obj
 .bss.dma_handle.1
                0x20000530       0x60 CMakeFiles/F746G_DISCO.dir/Drivers/BSP/STM32746G-Discovery/stm32746g_discovery_sdram.c.obj
 .bss.hdma2d    0x20000590       0x40 CMakeFiles/F746G_DISCO.dir/Core/Src/dma2d.c.obj
                0x20000590                hdma2d
 .bss.hsdram1   0x200005d0       0x34 CMakeFiles/F746G_DISCO.dir/Core/Src/fmc.c.obj
                0x200005d0                hsdram1
 .bss.FMC_Initialized
                0x20000604        0x4 CMakeFiles/F746G_DISCO.dir/Core/Src/fmc.c.obj
 .bss.hltdc     0x20000608       0xa8 CMakeFiles/F746G_DISCO.dir/Core/Src/ltdc.c.obj
                0x20000608                hltdc
 .bss.huart1    0x200006b0       0x88 CMakeFiles/F746G_DISCO.dir/Core/Src/usart.c.obj
                0x200006b0                huart1
 .bss.uwTick    0x20000738        0x4 CMakeFiles/F746G_DISCO.dir/Drivers/STM32F7xx_HAL_Driver/Src/stm32f7xx_hal.c.obj
                0x20000738                uwTick
 .bss.__sbrk_heap_end
                0x2000073c        0x4 CMakeFiles/F746G_DISCO.dir/Core/Src/sysmem.c.obj
 *(COMMON)
                0x20000740                        . = ALIGN (0x4)
                0x20000740                        _ebss = .
                0x20000740                        __bss_end__ = _ebss

._user_heap_stack
                0x20000740      0x600 load address 0x0800a808
                0x20000740                        . = ALIGN (0x8)
                [!provide]                        PROVIDE (end = .)
                0x20000740                        PROVIDE (_end = .)
                0x20000940                        . = (. + _Min_Heap_Size)
 *fill*         0x20000740      0x200 
                0x20000d40                        . = (. + _Min_Stack_Size)
 *fill*         0x20000940      0x400 
                0x20000d40                        . = ALIGN (0x8)

/DISCARD/
 libc.a(*)
 libm.a(*)
 libgcc.a(*)

.ARM.attributes
                0x00000000       0x30
 *(.ARM.attributes)
 .ARM.attributes
                0x00000000       0x22 C:/ST/STM32CubeCLT_1.16.0/GNU-tools-for-STM32/bin/../lib/gcc/arm-none-eabi/12.3.1/thumb/v7e-m+fp/hard/crti.o
 .ARM.attributes
                0x00000022       0x34 C:/ST/STM32CubeCLT_1.16.0/GNU-tools-for-STM32/bin/../lib/gcc/arm-none-eabi/12.3.1/thumb/v7e-m+fp/hard/crtbegin.o
 .ARM.attributes
                0x00000056       0x34 C:/ST/STM32CubeCLT_1.16.0/GNU-tools-for-STM32/bin/../lib/gcc/arm-none-eabi/12.3.1/../../../../arm-none-eabi/lib/thumb/v7e-m+fp/hard\libc_nano.a(libc_a-nano-vfprintf_float.o)
 .ARM.attributes
                0x0000008a       0x34 C:/ST/STM32CubeCLT_1.16.0/GNU-tools-for-STM32/bin/../lib/gcc/arm-none-eabi/12.3.1/../../../../arm-none-eabi/lib/thumb/v7e-m+fp/hard\libc_nano.a(libc_a-nano-vfprintf_i.o)
 .ARM.attributes
                0x000000be       0x34 C:/ST/STM32CubeCLT_1.16.0/GNU-tools-for-STM32/bin/../lib/gcc/arm-none-eabi/12.3.1/../../../../arm-none-eabi/lib/thumb/v7e-m+fp/hard\libc_nano.a(libc_a-findfp.o)
 .ARM.attributes
                0x000000f2       0x34 C:/ST/STM32CubeCLT_1.16.0/GNU-tools-for-STM32/bin/../lib/gcc/arm-none-eabi/12.3.1/../../../../arm-none-eabi/lib/thumb/v7e-m+fp/hard\libc_nano.a(libc_a-fwalk.o)
 .ARM.attributes
                0x00000126       0x34 C:/ST/STM32CubeCLT_1.16.0/GNU-tools-for-STM32/bin/../lib/gcc/arm-none-eabi/12.3.1/../../../../arm-none-eabi/lib/thumb/v7e-m+fp/hard\libc_nano.a(libc_a-stdio.o)
 .ARM.attributes
                0x0000015a       0x34 C:/ST/STM32CubeCLT_1.16.0/GNU-tools-for-STM32/bin/../lib/gcc/arm-none-eabi/12.3.1/../../../../arm-none-eabi/lib/thumb/v7e-m+fp/hard\libc_nano.a(libc_a-memset.o)
 .ARM.attributes
                0x0000018e       0x34 C:/ST/STM32CubeCLT_1.16.0/GNU-tools-for-STM32/bin/../lib/gcc/arm-none-eabi/12.3.1/../../../../arm-none-eabi/lib/thumb/v7e-m+fp/hard\libc_nano.a(libc_a-localeconv.o)
 .ARM.attributes
                0x000001c2       0x34 C:/ST/STM32CubeCLT_1.16.0/GNU-tools-for-STM32/bin/../lib/gcc/arm-none-eabi/12.3.1/../../../../arm-none-eabi/lib/thumb/v7e-m+fp/hard\libc_nano.a(libc_a-closer.o)
 .ARM.attributes
                0x000001f6       0x34 C:/ST/STM32CubeCLT_1.16.0/GNU-tools-for-STM32/bin/../lib/gcc/arm-none-eabi/12.3.1/../../../../arm-none-eabi/lib/thumb/v7e-m+fp/hard\libc_nano.a(libc_a-reent.o)
 .ARM.attributes
                0x0000022a       0x34 C:/ST/STM32CubeCLT_1.16.0/GNU-tools-for-STM32/bin/../lib/gcc/arm-none-eabi/12.3.1/../../../../arm-none-eabi/lib/thumb/v7e-m+fp/hard\libc_nano.a(libc_a-impure.o)
 .ARM.attributes
                0x0000025e       0x34 C:/ST/STM32CubeCLT_1.16.0/GNU-tools-for-STM32/bin/../lib/gcc/arm-none-eabi/12.3.1/../../../../arm-none-eabi/lib/thumb/v7e-m+fp/hard\libc_nano.a(libc_a-lseekr.o)
 .ARM.attributes
                0x00000292       0x34 C:/ST/STM32CubeCLT_1.16.0/GNU-tools-for-STM32/bin/../lib/gcc/arm-none-eabi/12.3.1/../../../../arm-none-eabi/lib/thumb/v7e-m+fp/hard\libc_nano.a(libc_a-readr.o)
 .ARM.attributes
                0x000002c6       0x34 C:/ST/STM32CubeCLT_1.16.0/GNU-tools-for-STM32/bin/../lib/gcc/arm-none-eabi/12.3.1/../../../../arm-none-eabi/lib/thumb/v7e-m+fp/hard\libc_nano.a(libc_a-writer.o)
 .ARM.attributes
                0x000002fa       0x34 C:/ST/STM32CubeCLT_1.16.0/GNU-tools-for-STM32/bin/../lib/gcc/arm-none-eabi/12.3.1/../../../../arm-none-eabi/lib/thumb/v7e-m+fp/hard\libc_nano.a(libc_a-init.o)
 .ARM.attributes
                0x0000032e       0x34 C:/ST/STM32CubeCLT_1.16.0/GNU-tools-for-STM32/bin/../lib/gcc/arm-none-eabi/12.3.1/../../../../arm-none-eabi/lib/thumb/v7e-m+fp/hard\libc_nano.a(libc_a-lock.o)
 .ARM.attributes
                0x00000362       0x1c C:/ST/STM32CubeCLT_1.16.0/GNU-tools-for-STM32/bin/../lib/gcc/arm-none-eabi/12.3.1/../../../../arm-none-eabi/lib/thumb/v7e-m+fp/hard\libc_nano.a(libc_a-memchr.o)
 .ARM.attributes
                0x0000037e       0x17 C:/ST/STM32CubeCLT_1.16.0/GNU-tools-for-STM32/bin/../lib/gcc/arm-none-eabi/12.3.1/../../../../arm-none-eabi/lib/thumb/v7e-m+fp/hard\libc_nano.a(libc_a-strlen.o)
 .ARM.attributes
                0x00000395       0x34 C:/ST/STM32CubeCLT_1.16.0/GNU-tools-for-STM32/bin/../lib/gcc/arm-none-eabi/12.3.1/../../../../arm-none-eabi/lib/thumb/v7e-m+fp/hard\libc_nano.a(libc_a-dtoa.o)
 .ARM.attributes
                0x000003c9       0x34 C:/ST/STM32CubeCLT_1.16.0/GNU-tools-for-STM32/bin/../lib/gcc/arm-none-eabi/12.3.1/../../../../arm-none-eabi/lib/thumb/v7e-m+fp/hard\libc_nano.a(libc_a-freer.o)
 .ARM.attributes
                0x000003fd       0x34 C:/ST/STM32CubeCLT_1.16.0/GNU-tools-for-STM32/bin/../lib/gcc/arm-none-eabi/12.3.1/../../../../arm-none-eabi/lib/thumb/v7e-m+fp/hard\libc_nano.a(libc_a-malloc.o)
 .ARM.attributes
                0x00000431       0x34 C:/ST/STM32CubeCLT_1.16.0/GNU-tools-for-STM32/bin/../lib/gcc/arm-none-eabi/12.3.1/../../../../arm-none-eabi/lib/thumb/v7e-m+fp/hard\libc_nano.a(libc_a-mallocr.o)
 .ARM.attributes
                0x00000465       0x34 C:/ST/STM32CubeCLT_1.16.0/GNU-tools-for-STM32/bin/../lib/gcc/arm-none-eabi/12.3.1/../../../../arm-none-eabi/lib/thumb/v7e-m+fp/hard\libc_nano.a(libc_a-mlock.o)
 .ARM.attributes
                0x00000499       0x34 C:/ST/STM32CubeCLT_1.16.0/GNU-tools-for-STM32/bin/../lib/gcc/arm-none-eabi/12.3.1/../../../../arm-none-eabi/lib/thumb/v7e-m+fp/hard\libc_nano.a(libc_a-mprec.o)
 .ARM.attributes
                0x000004cd       0x34 C:/ST/STM32CubeCLT_1.16.0/GNU-tools-for-STM32/bin/../lib/gcc/arm-none-eabi/12.3.1/../../../../arm-none-eabi/lib/thumb/v7e-m+fp/hard\libc_nano.a(libc_a-fflush.o)
 .ARM.attributes
                0x00000501       0x34 C:/ST/STM32CubeCLT_1.16.0/GNU-tools-for-STM32/bin/../lib/gcc/arm-none-eabi/12.3.1/../../../../arm-none-eabi/lib/thumb/v7e-m+fp/hard\libc_nano.a(libc_a-locale.o)
 .ARM.attributes
                0x00000535       0x34 C:/ST/STM32CubeCLT_1.16.0/GNU-tools-for-STM32/bin/../lib/gcc/arm-none-eabi/12.3.1/../../../../arm-none-eabi/lib/thumb/v7e-m+fp/hard\libc_nano.a(libc_a-sbrkr.o)
 .ARM.attributes
                0x00000569       0x34 C:/ST/STM32CubeCLT_1.16.0/GNU-tools-for-STM32/bin/../lib/gcc/arm-none-eabi/12.3.1/../../../../arm-none-eabi/lib/thumb/v7e-m+fp/hard\libc_nano.a(libc_a-memcpy-stub.o)
 .ARM.attributes
                0x0000059d       0x34 C:/ST/STM32CubeCLT_1.16.0/GNU-tools-for-STM32/bin/../lib/gcc/arm-none-eabi/12.3.1/../../../../arm-none-eabi/lib/thumb/v7e-m+fp/hard\libc_nano.a(libc_a-assert.o)
 .ARM.attributes
                0x000005d1       0x34 C:/ST/STM32CubeCLT_1.16.0/GNU-tools-for-STM32/bin/../lib/gcc/arm-none-eabi/12.3.1/../../../../arm-none-eabi/lib/thumb/v7e-m+fp/hard\libc_nano.a(libc_a-callocr.o)
 .ARM.attributes
                0x00000605       0x34 C:/ST/STM32CubeCLT_1.16.0/GNU-tools-for-STM32/bin/../lib/gcc/arm-none-eabi/12.3.1/../../../../arm-none-eabi/lib/thumb/v7e-m+fp/hard\libc_nano.a(libc_a-mbtowc_r.o)
 .ARM.attributes
                0x00000639       0x34 C:/ST/STM32CubeCLT_1.16.0/GNU-tools-for-STM32/bin/../lib/gcc/arm-none-eabi/12.3.1/../../../../arm-none-eabi/lib/thumb/v7e-m+fp/hard\libc_nano.a(libc_a-wctomb_r.o)
 .ARM.attributes
                0x0000066d       0x34 C:/ST/STM32CubeCLT_1.16.0/GNU-tools-for-STM32/bin/../lib/gcc/arm-none-eabi/12.3.1/../../../../arm-none-eabi/lib/thumb/v7e-m+fp/hard\libc_nano.a(libc_a-ctype_.o)
 .ARM.attributes
                0x000006a1       0x34 C:/ST/STM32CubeCLT_1.16.0/GNU-tools-for-STM32/bin/../lib/gcc/arm-none-eabi/12.3.1/../../../../arm-none-eabi/lib/thumb/v7e-m+fp/hard\libc_nano.a(libc_a-fprintf.o)
 .ARM.attributes
                0x000006d5       0x34 C:/ST/STM32CubeCLT_1.16.0/GNU-tools-for-STM32/bin/../lib/gcc/arm-none-eabi/12.3.1/../../../../arm-none-eabi/lib/thumb/v7e-m+fp/hard\libc_nano.a(libc_a-abort.o)
 .ARM.attributes
                0x00000709       0x34 C:/ST/STM32CubeCLT_1.16.0/GNU-tools-for-STM32/bin/../lib/gcc/arm-none-eabi/12.3.1/../../../../arm-none-eabi/lib/thumb/v7e-m+fp/hard\libc_nano.a(libc_a-nano-vfprintf.o)
 .ARM.attributes
                0x0000073d       0x34 C:/ST/STM32CubeCLT_1.16.0/GNU-tools-for-STM32/bin/../lib/gcc/arm-none-eabi/12.3.1/../../../../arm-none-eabi/lib/thumb/v7e-m+fp/hard\libc_nano.a(libc_a-wbuf.o)
 .ARM.attributes
                0x00000771       0x34 C:/ST/STM32CubeCLT_1.16.0/GNU-tools-for-STM32/bin/../lib/gcc/arm-none-eabi/12.3.1/../../../../arm-none-eabi/lib/thumb/v7e-m+fp/hard\libc_nano.a(libc_a-wsetup.o)
 .ARM.attributes
                0x000007a5       0x34 C:/ST/STM32CubeCLT_1.16.0/GNU-tools-for-STM32/bin/../lib/gcc/arm-none-eabi/12.3.1/../../../../arm-none-eabi/lib/thumb/v7e-m+fp/hard\libc_nano.a(libc_a-signal.o)
 .ARM.attributes
                0x000007d9       0x34 C:/ST/STM32CubeCLT_1.16.0/GNU-tools-for-STM32/bin/../lib/gcc/arm-none-eabi/12.3.1/../../../../arm-none-eabi/lib/thumb/v7e-m+fp/hard\libc_nano.a(libc_a-signalr.o)
 .ARM.attributes
                0x0000080d       0x34 C:/ST/STM32CubeCLT_1.16.0/GNU-tools-for-STM32/bin/../lib/gcc/arm-none-eabi/12.3.1/../../../../arm-none-eabi/lib/thumb/v7e-m+fp/hard\libc_nano.a(libc_a-makebuf.o)
 .ARM.attributes
                0x00000841       0x34 C:/ST/STM32CubeCLT_1.16.0/GNU-tools-for-STM32/bin/../lib/gcc/arm-none-eabi/12.3.1/../../../../arm-none-eabi/lib/thumb/v7e-m+fp/hard\libc_nano.a(libc_a-fstatr.o)
 .ARM.attributes
                0x00000875       0x34 C:/ST/STM32CubeCLT_1.16.0/GNU-tools-for-STM32/bin/../lib/gcc/arm-none-eabi/12.3.1/../../../../arm-none-eabi/lib/thumb/v7e-m+fp/hard\libc_nano.a(libc_a-isattyr.o)
 .ARM.attributes
                0x000008a9       0x34 CMakeFiles/F746G_DISCO.dir/Drivers/BSP/STM32746G-Discovery/stm32746g_discovery_lcd.c.obj
 .ARM.attributes
                0x000008dd       0x34 CMakeFiles/F746G_DISCO.dir/Drivers/BSP/STM32746G-Discovery/stm32746g_discovery_sdram.c.obj
 .ARM.attributes
                0x00000911       0x34 CMakeFiles/F746G_DISCO.dir/Core/Src/main.c.obj
 .ARM.attributes
                0x00000945       0x34 CMakeFiles/F746G_DISCO.dir/Core/Src/gpio.c.obj
 .ARM.attributes
                0x00000979       0x34 CMakeFiles/F746G_DISCO.dir/Core/Src/dma2d.c.obj
 .ARM.attributes
                0x000009ad       0x34 CMakeFiles/F746G_DISCO.dir/Core/Src/fmc.c.obj
 .ARM.attributes
                0x000009e1       0x34 CMakeFiles/F746G_DISCO.dir/Core/Src/ltdc.c.obj
 .ARM.attributes
                0x00000a15       0x34 CMakeFiles/F746G_DISCO.dir/Core/Src/usart.c.obj
 .ARM.attributes
                0x00000a49       0x34 CMakeFiles/F746G_DISCO.dir/Core/Src/stm32f7xx_it.c.obj
 .ARM.attributes
                0x00000a7d       0x34 CMakeFiles/F746G_DISCO.dir/Core/Src/stm32f7xx_hal_msp.c.obj
 .ARM.attributes
                0x00000ab1       0x34 CMakeFiles/F746G_DISCO.dir/Drivers/STM32F7xx_HAL_Driver/Src/stm32f7xx_hal_cortex.c.obj
 .ARM.attributes
                0x00000ae5       0x34 CMakeFiles/F746G_DISCO.dir/Drivers/STM32F7xx_HAL_Driver/Src/stm32f7xx_hal_dma2d.c.obj
 .ARM.attributes
                0x00000b19       0x34 CMakeFiles/F746G_DISCO.dir/Drivers/STM32F7xx_HAL_Driver/Src/stm32f7xx_hal_rcc.c.obj
 .ARM.attributes
                0x00000b4d       0x34 CMakeFiles/F746G_DISCO.dir/Drivers/STM32F7xx_HAL_Driver/Src/stm32f7xx_hal_rcc_ex.c.obj
 .ARM.attributes
                0x00000b81       0x34 CMakeFiles/F746G_DISCO.dir/Drivers/STM32F7xx_HAL_Driver/Src/stm32f7xx_hal_gpio.c.obj
 .ARM.attributes
                0x00000bb5       0x34 CMakeFiles/F746G_DISCO.dir/Drivers/STM32F7xx_HAL_Driver/Src/stm32f7xx_hal_dma.c.obj
 .ARM.attributes
                0x00000be9       0x34 CMakeFiles/F746G_DISCO.dir/Drivers/STM32F7xx_HAL_Driver/Src/stm32f7xx_hal_pwr.c.obj
 .ARM.attributes
                0x00000c1d       0x34 CMakeFiles/F746G_DISCO.dir/Drivers/STM32F7xx_HAL_Driver/Src/stm32f7xx_hal_pwr_ex.c.obj
 .ARM.attributes
                0x00000c51       0x34 CMakeFiles/F746G_DISCO.dir/Drivers/STM32F7xx_HAL_Driver/Src/stm32f7xx_hal.c.obj
 .ARM.attributes
                0x00000c85       0x34 CMakeFiles/F746G_DISCO.dir/Drivers/STM32F7xx_HAL_Driver/Src/stm32f7xx_ll_fmc.c.obj
 .ARM.attributes
                0x00000cb9       0x34 CMakeFiles/F746G_DISCO.dir/Drivers/STM32F7xx_HAL_Driver/Src/stm32f7xx_hal_sdram.c.obj
 .ARM.attributes
                0x00000ced       0x34 CMakeFiles/F746G_DISCO.dir/Drivers/STM32F7xx_HAL_Driver/Src/stm32f7xx_hal_ltdc.c.obj
 .ARM.attributes
                0x00000d21       0x34 CMakeFiles/F746G_DISCO.dir/Drivers/STM32F7xx_HAL_Driver/Src/stm32f7xx_hal_uart.c.obj
 .ARM.attributes
                0x00000d55       0x34 CMakeFiles/F746G_DISCO.dir/Core/Src/system_stm32f7xx.c.obj
 .ARM.attributes
                0x00000d89       0x34 CMakeFiles/F746G_DISCO.dir/Core/Src/sysmem.c.obj
 .ARM.attributes
                0x00000dbd       0x34 CMakeFiles/F746G_DISCO.dir/Core/Src/syscalls.c.obj
 .ARM.attributes
                0x00000df1       0x21 CMakeFiles/F746G_DISCO.dir/startup_stm32f746xx.s.obj
 .ARM.attributes
                0x00000e12       0x22 C:/ST/STM32CubeCLT_1.16.0/GNU-tools-for-STM32/bin/../lib/gcc/arm-none-eabi/12.3.1/thumb/v7e-m+fp/hard\libgcc.a(_arm_addsubdf3.o)
 .ARM.attributes
                0x00000e34       0x22 C:/ST/STM32CubeCLT_1.16.0/GNU-tools-for-STM32/bin/../lib/gcc/arm-none-eabi/12.3.1/thumb/v7e-m+fp/hard\libgcc.a(_arm_muldivdf3.o)
 .ARM.attributes
                0x00000e56       0x22 C:/ST/STM32CubeCLT_1.16.0/GNU-tools-for-STM32/bin/../lib/gcc/arm-none-eabi/12.3.1/thumb/v7e-m+fp/hard\libgcc.a(_arm_cmpdf2.o)
 .ARM.attributes
                0x00000e78       0x22 C:/ST/STM32CubeCLT_1.16.0/GNU-tools-for-STM32/bin/../lib/gcc/arm-none-eabi/12.3.1/thumb/v7e-m+fp/hard\libgcc.a(_arm_unorddf2.o)
 .ARM.attributes
                0x00000e9a       0x22 C:/ST/STM32CubeCLT_1.16.0/GNU-tools-for-STM32/bin/../lib/gcc/arm-none-eabi/12.3.1/thumb/v7e-m+fp/hard\libgcc.a(_arm_fixdfsi.o)
 .ARM.attributes
                0x00000ebc       0x22 C:/ST/STM32CubeCLT_1.16.0/GNU-tools-for-STM32/bin/../lib/gcc/arm-none-eabi/12.3.1/thumb/v7e-m+fp/hard\libgcc.a(_aeabi_uldivmod.o)
 .ARM.attributes
                0x00000ede       0x34 C:/ST/STM32CubeCLT_1.16.0/GNU-tools-for-STM32/bin/../lib/gcc/arm-none-eabi/12.3.1/thumb/v7e-m+fp/hard\libgcc.a(_udivmoddi4.o)
 .ARM.attributes
                0x00000f12       0x22 C:/ST/STM32CubeCLT_1.16.0/GNU-tools-for-STM32/bin/../lib/gcc/arm-none-eabi/12.3.1/thumb/v7e-m+fp/hard\libgcc.a(_dvmd_tls.o)
 .ARM.attributes
                0x00000f34       0x34 C:/ST/STM32CubeCLT_1.16.0/GNU-tools-for-STM32/bin/../lib/gcc/arm-none-eabi/12.3.1/../../../../arm-none-eabi/lib/thumb/v7e-m+fp/hard\libg_nano.a(libc_a-puts.o)
 .ARM.attributes
                0x00000f68       0x34 C:/ST/STM32CubeCLT_1.16.0/GNU-tools-for-STM32/bin/../lib/gcc/arm-none-eabi/12.3.1/../../../../arm-none-eabi/lib/thumb/v7e-m+fp/hard\libg_nano.a(libc_a-errno.o)
 .ARM.attributes
                0x00000f9c       0x22 C:/ST/STM32CubeCLT_1.16.0/GNU-tools-for-STM32/bin/../lib/gcc/arm-none-eabi/12.3.1/thumb/v7e-m+fp/hard/crtn.o
OUTPUT(F746G_DISCO.elf elf32-littlearm)
LOAD linker stubs
LOAD C:/ST/STM32CubeCLT_1.16.0/GNU-tools-for-STM32/bin/../lib/gcc/arm-none-eabi/12.3.1/../../../../arm-none-eabi/lib/thumb/v7e-m+fp/hard\libc.a
LOAD C:/ST/STM32CubeCLT_1.16.0/GNU-tools-for-STM32/bin/../lib/gcc/arm-none-eabi/12.3.1/../../../../arm-none-eabi/lib/thumb/v7e-m+fp/hard\libm.a
LOAD C:/ST/STM32CubeCLT_1.16.0/GNU-tools-for-STM32/bin/../lib/gcc/arm-none-eabi/12.3.1/thumb/v7e-m+fp/hard\libgcc.a

.debug_frame    0x00000000     0x5188
 .debug_frame   0x00000000       0x90 C:/ST/STM32CubeCLT_1.16.0/GNU-tools-for-STM32/bin/../lib/gcc/arm-none-eabi/12.3.1/../../../../arm-none-eabi/lib/thumb/v7e-m+fp/hard\libc_nano.a(libc_a-nano-vfprintf_float.o)
 .debug_frame   0x00000090       0x60 C:/ST/STM32CubeCLT_1.16.0/GNU-tools-for-STM32/bin/../lib/gcc/arm-none-eabi/12.3.1/../../../../arm-none-eabi/lib/thumb/v7e-m+fp/hard\libc_nano.a(libc_a-nano-vfprintf_i.o)
 .debug_frame   0x000000f0      0x144 C:/ST/STM32CubeCLT_1.16.0/GNU-tools-for-STM32/bin/../lib/gcc/arm-none-eabi/12.3.1/../../../../arm-none-eabi/lib/thumb/v7e-m+fp/hard\libc_nano.a(libc_a-findfp.o)
 .debug_frame   0x00000234       0x34 C:/ST/STM32CubeCLT_1.16.0/GNU-tools-for-STM32/bin/../lib/gcc/arm-none-eabi/12.3.1/../../../../arm-none-eabi/lib/thumb/v7e-m+fp/hard\libc_nano.a(libc_a-fwalk.o)
 .debug_frame   0x00000268       0x88 C:/ST/STM32CubeCLT_1.16.0/GNU-tools-for-STM32/bin/../lib/gcc/arm-none-eabi/12.3.1/../../../../arm-none-eabi/lib/thumb/v7e-m+fp/hard\libc_nano.a(libc_a-stdio.o)
 .debug_frame   0x000002f0       0x20 C:/ST/STM32CubeCLT_1.16.0/GNU-tools-for-STM32/bin/../lib/gcc/arm-none-eabi/12.3.1/../../../../arm-none-eabi/lib/thumb/v7e-m+fp/hard\libc_nano.a(libc_a-memset.o)
 .debug_frame   0x00000310       0x40 C:/ST/STM32CubeCLT_1.16.0/GNU-tools-for-STM32/bin/../lib/gcc/arm-none-eabi/12.3.1/../../../../arm-none-eabi/lib/thumb/v7e-m+fp/hard\libc_nano.a(libc_a-localeconv.o)
 .debug_frame   0x00000350       0x2c C:/ST/STM32CubeCLT_1.16.0/GNU-tools-for-STM32/bin/../lib/gcc/arm-none-eabi/12.3.1/../../../../arm-none-eabi/lib/thumb/v7e-m+fp/hard\libc_nano.a(libc_a-closer.o)
 .debug_frame   0x0000037c       0x38 C:/ST/STM32CubeCLT_1.16.0/GNU-tools-for-STM32/bin/../lib/gcc/arm-none-eabi/12.3.1/../../../../arm-none-eabi/lib/thumb/v7e-m+fp/hard\libc_nano.a(libc_a-reent.o)
 .debug_frame   0x000003b4       0x2c C:/ST/STM32CubeCLT_1.16.0/GNU-tools-for-STM32/bin/../lib/gcc/arm-none-eabi/12.3.1/../../../../arm-none-eabi/lib/thumb/v7e-m+fp/hard\libc_nano.a(libc_a-lseekr.o)
 .debug_frame   0x000003e0       0x2c C:/ST/STM32CubeCLT_1.16.0/GNU-tools-for-STM32/bin/../lib/gcc/arm-none-eabi/12.3.1/../../../../arm-none-eabi/lib/thumb/v7e-m+fp/hard\libc_nano.a(libc_a-readr.o)
 .debug_frame   0x0000040c       0x2c C:/ST/STM32CubeCLT_1.16.0/GNU-tools-for-STM32/bin/../lib/gcc/arm-none-eabi/12.3.1/../../../../arm-none-eabi/lib/thumb/v7e-m+fp/hard\libc_nano.a(libc_a-writer.o)
 .debug_frame   0x00000438       0x2c C:/ST/STM32CubeCLT_1.16.0/GNU-tools-for-STM32/bin/../lib/gcc/arm-none-eabi/12.3.1/../../../../arm-none-eabi/lib/thumb/v7e-m+fp/hard\libc_nano.a(libc_a-init.o)
 .debug_frame   0x00000464       0xb0 C:/ST/STM32CubeCLT_1.16.0/GNU-tools-for-STM32/bin/../lib/gcc/arm-none-eabi/12.3.1/../../../../arm-none-eabi/lib/thumb/v7e-m+fp/hard\libc_nano.a(libc_a-lock.o)
 .debug_frame   0x00000514       0x70 C:/ST/STM32CubeCLT_1.16.0/GNU-tools-for-STM32/bin/../lib/gcc/arm-none-eabi/12.3.1/../../../../arm-none-eabi/lib/thumb/v7e-m+fp/hard\libc_nano.a(libc_a-dtoa.o)
 .debug_frame   0x00000584       0x38 C:/ST/STM32CubeCLT_1.16.0/GNU-tools-for-STM32/bin/../lib/gcc/arm-none-eabi/12.3.1/../../../../arm-none-eabi/lib/thumb/v7e-m+fp/hard\libc_nano.a(libc_a-freer.o)
 .debug_frame   0x000005bc       0x30 C:/ST/STM32CubeCLT_1.16.0/GNU-tools-for-STM32/bin/../lib/gcc/arm-none-eabi/12.3.1/../../../../arm-none-eabi/lib/thumb/v7e-m+fp/hard\libc_nano.a(libc_a-malloc.o)
 .debug_frame   0x000005ec       0x50 C:/ST/STM32CubeCLT_1.16.0/GNU-tools-for-STM32/bin/../lib/gcc/arm-none-eabi/12.3.1/../../../../arm-none-eabi/lib/thumb/v7e-m+fp/hard\libc_nano.a(libc_a-mallocr.o)
 .debug_frame   0x0000063c       0x30 C:/ST/STM32CubeCLT_1.16.0/GNU-tools-for-STM32/bin/../lib/gcc/arm-none-eabi/12.3.1/../../../../arm-none-eabi/lib/thumb/v7e-m+fp/hard\libc_nano.a(libc_a-mlock.o)
 .debug_frame   0x0000066c      0x260 C:/ST/STM32CubeCLT_1.16.0/GNU-tools-for-STM32/bin/../lib/gcc/arm-none-eabi/12.3.1/../../../../arm-none-eabi/lib/thumb/v7e-m+fp/hard\libc_nano.a(libc_a-mprec.o)
 .debug_frame   0x000008cc       0x5c C:/ST/STM32CubeCLT_1.16.0/GNU-tools-for-STM32/bin/../lib/gcc/arm-none-eabi/12.3.1/../../../../arm-none-eabi/lib/thumb/v7e-m+fp/hard\libc_nano.a(libc_a-fflush.o)
 .debug_frame   0x00000928       0x48 C:/ST/STM32CubeCLT_1.16.0/GNU-tools-for-STM32/bin/../lib/gcc/arm-none-eabi/12.3.1/../../../../arm-none-eabi/lib/thumb/v7e-m+fp/hard\libc_nano.a(libc_a-locale.o)
 .debug_frame   0x00000970       0x2c C:/ST/STM32CubeCLT_1.16.0/GNU-tools-for-STM32/bin/../lib/gcc/arm-none-eabi/12.3.1/../../../../arm-none-eabi/lib/thumb/v7e-m+fp/hard\libc_nano.a(libc_a-sbrkr.o)
 .debug_frame   0x0000099c       0x28 C:/ST/STM32CubeCLT_1.16.0/GNU-tools-for-STM32/bin/../lib/gcc/arm-none-eabi/12.3.1/../../../../arm-none-eabi/lib/thumb/v7e-m+fp/hard\libc_nano.a(libc_a-memcpy-stub.o)
 .debug_frame   0x000009c4       0x40 C:/ST/STM32CubeCLT_1.16.0/GNU-tools-for-STM32/bin/../lib/gcc/arm-none-eabi/12.3.1/../../../../arm-none-eabi/lib/thumb/v7e-m+fp/hard\libc_nano.a(libc_a-assert.o)
 .debug_frame   0x00000a04       0x2c C:/ST/STM32CubeCLT_1.16.0/GNU-tools-for-STM32/bin/../lib/gcc/arm-none-eabi/12.3.1/../../../../arm-none-eabi/lib/thumb/v7e-m+fp/hard\libc_nano.a(libc_a-callocr.o)
 .debug_frame   0x00000a30       0x48 C:/ST/STM32CubeCLT_1.16.0/GNU-tools-for-STM32/bin/../lib/gcc/arm-none-eabi/12.3.1/../../../../arm-none-eabi/lib/thumb/v7e-m+fp/hard\libc_nano.a(libc_a-mbtowc_r.o)
 .debug_frame   0x00000a78       0x3c C:/ST/STM32CubeCLT_1.16.0/GNU-tools-for-STM32/bin/../lib/gcc/arm-none-eabi/12.3.1/../../../../arm-none-eabi/lib/thumb/v7e-m+fp/hard\libc_nano.a(libc_a-wctomb_r.o)
 .debug_frame   0x00000ab4       0x64 C:/ST/STM32CubeCLT_1.16.0/GNU-tools-for-STM32/bin/../lib/gcc/arm-none-eabi/12.3.1/../../../../arm-none-eabi/lib/thumb/v7e-m+fp/hard\libc_nano.a(libc_a-fprintf.o)
 .debug_frame   0x00000b18       0x28 C:/ST/STM32CubeCLT_1.16.0/GNU-tools-for-STM32/bin/../lib/gcc/arm-none-eabi/12.3.1/../../../../arm-none-eabi/lib/thumb/v7e-m+fp/hard\libc_nano.a(libc_a-abort.o)
 .debug_frame   0x00000b40       0xa8 C:/ST/STM32CubeCLT_1.16.0/GNU-tools-for-STM32/bin/../lib/gcc/arm-none-eabi/12.3.1/../../../../arm-none-eabi/lib/thumb/v7e-m+fp/hard\libc_nano.a(libc_a-nano-vfprintf.o)
 .debug_frame   0x00000be8       0x40 C:/ST/STM32CubeCLT_1.16.0/GNU-tools-for-STM32/bin/../lib/gcc/arm-none-eabi/12.3.1/../../../../arm-none-eabi/lib/thumb/v7e-m+fp/hard\libc_nano.a(libc_a-wbuf.o)
 .debug_frame   0x00000c28       0x2c C:/ST/STM32CubeCLT_1.16.0/GNU-tools-for-STM32/bin/../lib/gcc/arm-none-eabi/12.3.1/../../../../arm-none-eabi/lib/thumb/v7e-m+fp/hard\libc_nano.a(libc_a-wsetup.o)
 .debug_frame   0x00000c54       0xcc C:/ST/STM32CubeCLT_1.16.0/GNU-tools-for-STM32/bin/../lib/gcc/arm-none-eabi/12.3.1/../../../../arm-none-eabi/lib/thumb/v7e-m+fp/hard\libc_nano.a(libc_a-signal.o)
 .debug_frame   0x00000d20       0x3c C:/ST/STM32CubeCLT_1.16.0/GNU-tools-for-STM32/bin/../lib/gcc/arm-none-eabi/12.3.1/../../../../arm-none-eabi/lib/thumb/v7e-m+fp/hard\libc_nano.a(libc_a-signalr.o)
 .debug_frame   0x00000d5c       0x58 C:/ST/STM32CubeCLT_1.16.0/GNU-tools-for-STM32/bin/../lib/gcc/arm-none-eabi/12.3.1/../../../../arm-none-eabi/lib/thumb/v7e-m+fp/hard\libc_nano.a(libc_a-makebuf.o)